[debug] [2026-05-19T04:11:59.819Z] ----------------------------------------------------------------------
[debug] [2026-05-19T04:11:59.826Z] Command:       /Users/ivanaffriandi/.nvm/versions/node/v25.8.1/bin/node /Users/ivanaffriandi/.nvm/versions/node/v25.8.1/bin/firebase deploy
[debug] [2026-05-19T04:11:59.827Z] CLI Version:   15.14.0
[debug] [2026-05-19T04:11:59.827Z] Platform:      darwin
[debug] [2026-05-19T04:11:59.827Z] Node Version:  v25.8.1
[debug] [2026-05-19T04:11:59.827Z] Time:          Tue May 19 2026 11:11:59 GMT+0700 (Western Indonesia Time)
[debug] [2026-05-19T04:11:59.827Z] ----------------------------------------------------------------------
[debug] 
[debug] [2026-05-19T04:12:03.900Z] > command requires scopes: ["email","openid","https://www.googleapis.com/auth/cloudplatformprojects.readonly","https://www.googleapis.com/auth/firebase","https://www.googleapis.com/auth/cloud-platform"]
[debug] [2026-05-19T04:12:03.900Z] > authorizing via signed-in user (ivanaffriandi@kakao.com)
[debug] [2026-05-19T04:12:03.900Z] [iam] checking project ivan-affriandi for permissions ["firebase.projects.get","firebasehosting.sites.update"]
[debug] [2026-05-19T04:12:03.901Z] Checked if tokens are valid: false, expires at: 1779164714444
[debug] [2026-05-19T04:12:03.901Z] Checked if tokens are valid: false, expires at: 1779164714444
[debug] [2026-05-19T04:12:03.902Z] > refreshing access token with scopes: []
[debug] [2026-05-19T04:12:03.906Z] >>> [apiv2][query] POST https://www.googleapis.com/oauth2/v3/token [none]
[debug] [2026-05-19T04:12:03.907Z] >>> [apiv2][body] POST https://www.googleapis.com/oauth2/v3/token [omitted]
[debug] [2026-05-19T04:12:04.066Z] <<< [apiv2][status] POST https://www.googleapis.com/oauth2/v3/token 200
[debug] [2026-05-19T04:12:04.066Z] <<< [apiv2][body] POST https://www.googleapis.com/oauth2/v3/token [omitted]
[debug] [2026-05-19T04:12:04.085Z] >>> [apiv2][query] POST https://cloudresourcemanager.googleapis.com/v1/projects/ivan-affriandi:testIamPermissions [none]
[debug] [2026-05-19T04:12:04.085Z] >>> [apiv2][(partial)header] POST https://cloudresourcemanager.googleapis.com/v1/projects/ivan-affriandi:testIamPermissions  x-goog-user-project=ivan-affriandi
[debug] [2026-05-19T04:12:04.085Z] >>> [apiv2][body] POST https://cloudresourcemanager.googleapis.com/v1/projects/ivan-affriandi:testIamPermissions {"permissions":["firebase.projects.get","firebasehosting.sites.update"]}
[debug] [2026-05-19T04:12:05.262Z] <<< [apiv2][status] POST https://cloudresourcemanager.googleapis.com/v1/projects/ivan-affriandi:testIamPermissions 200
[debug] [2026-05-19T04:12:05.262Z] <<< [apiv2][body] POST https://cloudresourcemanager.googleapis.com/v1/projects/ivan-affriandi:testIamPermissions {"permissions":["firebase.projects.get","firebasehosting.sites.update"]}
[debug] [2026-05-19T04:12:05.263Z] Checked if tokens are valid: true, expires at: 1779167523066
[debug] [2026-05-19T04:12:05.263Z] Checked if tokens are valid: true, expires at: 1779167523066
[debug] [2026-05-19T04:12:05.263Z] >>> [apiv2][query] GET https://firebase.googleapis.com/v1beta1/projects/ivan-affriandi [none]
[debug] [2026-05-19T04:12:05.669Z] <<< [apiv2][status] GET https://firebase.googleapis.com/v1beta1/projects/ivan-affriandi 200
[debug] [2026-05-19T04:12:05.669Z] <<< [apiv2][body] GET https://firebase.googleapis.com/v1beta1/projects/ivan-affriandi {"projectId":"ivan-affriandi","projectNumber":"19364784137","displayName":"Ivan Affriandi","name":"projects/ivan-affriandi","resources":{"hostingSite":"ivan-affriandi","realtimeDatabaseInstance":"ivan-affriandi-default-rtdb"},"state":"ACTIVE","etag":"1_ac78a799-a332-48fc-b624-0fb166d151e0"}
[debug] [2026-05-19T04:12:08.890Z] Checked if tokens are valid: true, expires at: 1779167523066
[debug] [2026-05-19T04:12:08.890Z] Checked if tokens are valid: true, expires at: 1779167523066
[debug] [2026-05-19T04:12:08.891Z] >>> [apiv2][query] GET https://firebasehosting.googleapis.com/v1beta1/projects/ivan-affriandi/sites pageToken=&pageSize=10
[debug] [2026-05-19T04:12:09.868Z] <<< [apiv2][status] GET https://firebasehosting.googleapis.com/v1beta1/projects/ivan-affriandi/sites 200
[debug] [2026-05-19T04:12:09.868Z] <<< [apiv2][body] GET https://firebasehosting.googleapis.com/v1beta1/projects/ivan-affriandi/sites {"sites":[{"name":"projects/ivan-affriandi/sites/ivan-affriandi","defaultUrl":"https://ivan-affriandi.web.app","type":"DEFAULT_SITE"}]}
[debug] [2026-05-19T04:12:09.868Z] Checked if tokens are valid: true, expires at: 1779167523066
[debug] [2026-05-19T04:12:09.868Z] Checked if tokens are valid: true, expires at: 1779167523066
[debug] [2026-05-19T04:12:09.869Z] >>> [apiv2][query] GET https://firebasehosting.googleapis.com/v1beta1/projects/ivan-affriandi/sites 
[debug] [2026-05-19T04:12:10.725Z] <<< [apiv2][status] GET https://firebasehosting.googleapis.com/v1beta1/projects/ivan-affriandi/sites 200
[debug] [2026-05-19T04:12:10.725Z] <<< [apiv2][body] GET https://firebasehosting.googleapis.com/v1beta1/projects/ivan-affriandi/sites {"sites":[{"name":"projects/ivan-affriandi/sites/ivan-affriandi","defaultUrl":"https://ivan-affriandi.web.app","type":"DEFAULT_SITE"}]}
[debug] [2026-05-19T04:12:10.740Z] Checked if tokens are valid: true, expires at: 1779167523066
[debug] [2026-05-19T04:12:10.740Z] Checked if tokens are valid: true, expires at: 1779167523066
[debug] [2026-05-19T04:12:10.740Z] >>> [apiv2][query] GET https://firebase.googleapis.com/v1beta1/projects/ivan-affriandi/webApps/-/config [none]
[debug] [2026-05-19T04:12:11.505Z] <<< [apiv2][status] GET https://firebase.googleapis.com/v1beta1/projects/ivan-affriandi/webApps/-/config 200
[debug] [2026-05-19T04:12:11.505Z] <<< [apiv2][body] GET https://firebase.googleapis.com/v1beta1/projects/ivan-affriandi/webApps/-/config {"projectId":"ivan-affriandi","databaseURL":"https://ivan-affriandi-default-rtdb.asia-southeast1.firebasedatabase.app","storageBucket":"ivan-affriandi.firebasestorage.app","apiKey":"AIzaSyBVRIwhZ3CXTJLdbp4ma15XMXYfhWa_iPw","authDomain":"ivan-affriandi.firebaseapp.com","messagingSenderId":"19364784137","projectNumber":"19364784137","version":"2"}
[info] 
   Thank you for trying our early preview of Next.js support on Firebase Hosting.
   During the preview, support is best-effort and breaking changes can be expected. Proceed with caution.
   The integration is known to work with Next.js version 12 - 15.0. You may encounter errors.

   Documentation: https://firebase.google.com/docs/hosting/frameworks/nextjs
   File a bug: https://github.com/firebase/firebase-tools/issues/new?template=bug_report.md
   Submit a feature request: https://github.com/firebase/firebase-tools/issues/new?template=feature_request.md

   We'd love to learn from you. Express your interest in helping us shape the future of Firebase Hosting: https://goo.gle/41enW5X

[debug] [2026-05-19T04:12:17.056Z] Checked if tokens are valid: true, expires at: 1779167523066
[debug] [2026-05-19T04:12:17.056Z] Checked if tokens are valid: true, expires at: 1779167523066
[debug] [2026-05-19T04:12:17.056Z] >>> [apiv2][query] GET https://firebasehosting.googleapis.com/v1beta1/projects/ivan-affriandi/sites/ivan-affriandi [none]
[debug] [2026-05-19T04:12:17.960Z] <<< [apiv2][status] GET https://firebasehosting.googleapis.com/v1beta1/projects/ivan-affriandi/sites/ivan-affriandi 200
[debug] [2026-05-19T04:12:17.960Z] <<< [apiv2][body] GET https://firebasehosting.googleapis.com/v1beta1/projects/ivan-affriandi/sites/ivan-affriandi {"name":"projects/ivan-affriandi/sites/ivan-affriandi","defaultUrl":"https://ivan-affriandi.web.app","type":"DEFAULT_SITE"}
[info] ▲ Next.js 16.2.6 (Turbopack)

[info] - Environments: .env

[info] 

[info]   Creating an optimized production build ...

[info] ✓ Compiled successfully in 17.8s

[info]   Running TypeScript ...

[info] Failed to type check.


[info] ./src/app/page.tsx:17:39
Type error: Type '{ posts: BlogPost[]; moments: MomentItem[]; }' is not assignable to type 'IntrinsicAttributes & { posts: any[]; }'.
  Property 'moments' does not exist on type 'IntrinsicAttributes & { posts: any[]; }'.

  15 |   return (
  16 |     <div style={{ minHeight: "auto", paddingBottom: "0rem", backgroundColor: "var(--bg-col...
> 17 |       <DailyJournalFeed posts={posts} moments={moments} />
     |                                       ^
  18 |     </div>
  19 |   );
  20 | }

[info] Next.js build worker exited with code: 1 and signal: null

[debug] [2026-05-19T04:12:51.610Z] Error: ENOENT: no such file or directory, open '/Users/ivanaffriandi/Ivan Affriandi/.next/export-marker.json'
[error] 
[error] Error: An unexpected error has occurred.
[debug] [2026-05-19T04:13:30.002Z] ----------------------------------------------------------------------
[debug] [2026-05-19T04:13:30.006Z] Command:       /Users/ivanaffriandi/.nvm/versions/node/v25.8.1/bin/node /Users/ivanaffriandi/.nvm/versions/node/v25.8.1/bin/firebase deploy
[debug] [2026-05-19T04:13:30.006Z] CLI Version:   15.14.0
[debug] [2026-05-19T04:13:30.006Z] Platform:      darwin
[debug] [2026-05-19T04:13:30.006Z] Node Version:  v25.8.1
[debug] [2026-05-19T04:13:30.006Z] Time:          Tue May 19 2026 11:13:30 GMT+0700 (Western Indonesia Time)
[debug] [2026-05-19T04:13:30.007Z] ----------------------------------------------------------------------
[debug] 
[debug] [2026-05-19T04:13:33.376Z] > command requires scopes: ["email","openid","https://www.googleapis.com/auth/cloudplatformprojects.readonly","https://www.googleapis.com/auth/firebase","https://www.googleapis.com/auth/cloud-platform"]
[debug] [2026-05-19T04:13:33.377Z] > authorizing via signed-in user (ivanaffriandi@kakao.com)
[debug] [2026-05-19T04:13:33.377Z] [iam] checking project ivan-affriandi for permissions ["firebase.projects.get","firebasehosting.sites.update"]
[debug] [2026-05-19T04:13:33.378Z] Checked if tokens are valid: true, expires at: 1779167523066
[debug] [2026-05-19T04:13:33.378Z] Checked if tokens are valid: true, expires at: 1779167523066
[debug] [2026-05-19T04:13:33.379Z] >>> [apiv2][query] POST https://cloudresourcemanager.googleapis.com/v1/projects/ivan-affriandi:testIamPermissions [none]
[debug] [2026-05-19T04:13:33.379Z] >>> [apiv2][(partial)header] POST https://cloudresourcemanager.googleapis.com/v1/projects/ivan-affriandi:testIamPermissions  x-goog-user-project=ivan-affriandi
[debug] [2026-05-19T04:13:33.379Z] >>> [apiv2][body] POST https://cloudresourcemanager.googleapis.com/v1/projects/ivan-affriandi:testIamPermissions {"permissions":["firebase.projects.get","firebasehosting.sites.update"]}
[debug] [2026-05-19T04:13:34.646Z] <<< [apiv2][status] POST https://cloudresourcemanager.googleapis.com/v1/projects/ivan-affriandi:testIamPermissions 200
[debug] [2026-05-19T04:13:34.646Z] <<< [apiv2][body] POST https://cloudresourcemanager.googleapis.com/v1/projects/ivan-affriandi:testIamPermissions {"permissions":["firebase.projects.get","firebasehosting.sites.update"]}
[debug] [2026-05-19T04:13:34.647Z] Checked if tokens are valid: true, expires at: 1779167523066
[debug] [2026-05-19T04:13:34.647Z] Checked if tokens are valid: true, expires at: 1779167523066
[debug] [2026-05-19T04:13:34.647Z] >>> [apiv2][query] GET https://firebase.googleapis.com/v1beta1/projects/ivan-affriandi [none]
[debug] [2026-05-19T04:13:35.208Z] <<< [apiv2][status] GET https://firebase.googleapis.com/v1beta1/projects/ivan-affriandi 200
[debug] [2026-05-19T04:13:35.208Z] <<< [apiv2][body] GET https://firebase.googleapis.com/v1beta1/projects/ivan-affriandi {"projectId":"ivan-affriandi","projectNumber":"19364784137","displayName":"Ivan Affriandi","name":"projects/ivan-affriandi","resources":{"hostingSite":"ivan-affriandi","realtimeDatabaseInstance":"ivan-affriandi-default-rtdb"},"state":"ACTIVE","etag":"1_ac78a799-a332-48fc-b624-0fb166d151e0"}
[debug] [2026-05-19T04:13:37.982Z] Checked if tokens are valid: true, expires at: 1779167523066
[debug] [2026-05-19T04:13:37.982Z] Checked if tokens are valid: true, expires at: 1779167523066
[debug] [2026-05-19T04:13:37.983Z] >>> [apiv2][query] GET https://firebasehosting.googleapis.com/v1beta1/projects/ivan-affriandi/sites pageToken=&pageSize=10
[debug] [2026-05-19T04:13:39.058Z] <<< [apiv2][status] GET https://firebasehosting.googleapis.com/v1beta1/projects/ivan-affriandi/sites 200
[debug] [2026-05-19T04:13:39.058Z] <<< [apiv2][body] GET https://firebasehosting.googleapis.com/v1beta1/projects/ivan-affriandi/sites {"sites":[{"name":"projects/ivan-affriandi/sites/ivan-affriandi","defaultUrl":"https://ivan-affriandi.web.app","type":"DEFAULT_SITE"}]}
[debug] [2026-05-19T04:13:39.060Z] Checked if tokens are valid: true, expires at: 1779167523066
[debug] [2026-05-19T04:13:39.060Z] Checked if tokens are valid: true, expires at: 1779167523066
[debug] [2026-05-19T04:13:39.061Z] >>> [apiv2][query] GET https://firebasehosting.googleapis.com/v1beta1/projects/ivan-affriandi/sites 
[debug] [2026-05-19T04:13:39.877Z] <<< [apiv2][status] GET https://firebasehosting.googleapis.com/v1beta1/projects/ivan-affriandi/sites 200
[debug] [2026-05-19T04:13:39.877Z] <<< [apiv2][body] GET https://firebasehosting.googleapis.com/v1beta1/projects/ivan-affriandi/sites {"sites":[{"name":"projects/ivan-affriandi/sites/ivan-affriandi","defaultUrl":"https://ivan-affriandi.web.app","type":"DEFAULT_SITE"}]}
[debug] [2026-05-19T04:13:39.877Z] Checked if tokens are valid: true, expires at: 1779167523066
[debug] [2026-05-19T04:13:39.877Z] Checked if tokens are valid: true, expires at: 1779167523066
[debug] [2026-05-19T04:13:39.877Z] >>> [apiv2][query] GET https://firebase.googleapis.com/v1beta1/projects/ivan-affriandi/webApps/-/config [none]
[debug] [2026-05-19T04:13:40.643Z] <<< [apiv2][status] GET https://firebase.googleapis.com/v1beta1/projects/ivan-affriandi/webApps/-/config 200
[debug] [2026-05-19T04:13:40.643Z] <<< [apiv2][body] GET https://firebase.googleapis.com/v1beta1/projects/ivan-affriandi/webApps/-/config {"projectId":"ivan-affriandi","databaseURL":"https://ivan-affriandi-default-rtdb.asia-southeast1.firebasedatabase.app","storageBucket":"ivan-affriandi.firebasestorage.app","apiKey":"AIzaSyBVRIwhZ3CXTJLdbp4ma15XMXYfhWa_iPw","authDomain":"ivan-affriandi.firebaseapp.com","messagingSenderId":"19364784137","projectNumber":"19364784137","version":"2"}
[info] 
   Thank you for trying our early preview of Next.js support on Firebase Hosting.
   During the preview, support is best-effort and breaking changes can be expected. Proceed with caution.
   The integration is known to work with Next.js version 12 - 15.0. You may encounter errors.

   Documentation: https://firebase.google.com/docs/hosting/frameworks/nextjs
   File a bug: https://github.com/firebase/firebase-tools/issues/new?template=bug_report.md
   Submit a feature request: https://github.com/firebase/firebase-tools/issues/new?template=feature_request.md

   We'd love to learn from you. Express your interest in helping us shape the future of Firebase Hosting: https://goo.gle/41enW5X

[debug] [2026-05-19T04:13:45.150Z] Checked if tokens are valid: true, expires at: 1779167523066
[debug] [2026-05-19T04:13:45.150Z] Checked if tokens are valid: true, expires at: 1779167523066
[debug] [2026-05-19T04:13:45.150Z] >>> [apiv2][query] GET https://firebasehosting.googleapis.com/v1beta1/projects/ivan-affriandi/sites/ivan-affriandi [none]
[debug] [2026-05-19T04:13:46.021Z] <<< [apiv2][status] GET https://firebasehosting.googleapis.com/v1beta1/projects/ivan-affriandi/sites/ivan-affriandi 200
[debug] [2026-05-19T04:13:46.022Z] <<< [apiv2][body] GET https://firebasehosting.googleapis.com/v1beta1/projects/ivan-affriandi/sites/ivan-affriandi {"name":"projects/ivan-affriandi/sites/ivan-affriandi","defaultUrl":"https://ivan-affriandi.web.app","type":"DEFAULT_SITE"}
[info] ▲ Next.js 16.2.6 (Turbopack)
- Environments: .env


[info]   Creating an optimized production build ...

[info] ✓ Compiled successfully in 9.6s

[info]   Running TypeScript ...

[info]   Finished TypeScript in 6.8s ...

[info]   Collecting page data using 3 workers ...

[info]   Generating static pages using 3 workers (0/12) ...

[info] ⚠ metadataBase property in metadata export is not set for resolving social open graph or twitter images, using "http://localhost:3000". See https://nextjs.org/docs/app/api-reference/functions/generate-metadata#metadatabase

[info]   Generating static pages using 3 workers (3/12) 

[info]   Generating static pages using 3 workers (6/12) 

[info]   Generating static pages using 3 workers (9/12) 

[info] ✓ Generating static pages using 3 workers (12/12) in 1375ms

[info]   Finalizing page optimization ...

[info] 

[info] Route (app)
┌ ƒ /
├ ○ /_not-found
├ ○ /about
├ ○ /admin
├ ƒ /api/instagram
├ ƒ /api/twitter
├ ○ /ask
├ ○ /ask/opengraph-image
├ ƒ /blog/[id]
├ ○ /gallery
├ ○ /moments
└ ○ /opengraph-image


[info] 
○  (Static)   prerendered as static content
ƒ  (Dynamic)  server-rendered on demand


[info] Building a Cloud Function to run this application. This is needed due to:
[info]  • non-static component /api/instagram/route
[info]  • non-static component /api/twitter/route
[info]  • non-static component /blog/[id]/page
[info]  • non-static component /page
[info] 
[debug] [2026-05-19T04:14:15.773Z] Checked if tokens are valid: true, expires at: 1779167523066
[debug] [2026-05-19T04:14:15.773Z] Checked if tokens are valid: true, expires at: 1779167523066
[debug] [2026-05-19T04:14:15.774Z] >>> [apiv2][query] GET https://firebasehosting.googleapis.com/v1beta1/projects/ivan-affriandi/sites/ivan-affriandi [none]
[debug] [2026-05-19T04:14:16.644Z] <<< [apiv2][status] GET https://firebasehosting.googleapis.com/v1beta1/projects/ivan-affriandi/sites/ivan-affriandi 200
[debug] [2026-05-19T04:14:16.645Z] <<< [apiv2][body] GET https://firebasehosting.googleapis.com/v1beta1/projects/ivan-affriandi/sites/ivan-affriandi {"name":"projects/ivan-affriandi/sites/ivan-affriandi","defaultUrl":"https://ivan-affriandi.web.app","type":"DEFAULT_SITE"}
[warn] ⚠  This integration expects Node version 20, 22, or 24. You're running version 25, problems may be encountered. 
[debug] [2026-05-19T04:14:40.729Z] [web frameworks] effective firebase.json:  {
  "hosting": [
    {
      "source": ".",
      "ignore": [
        "firebase.json",
        "**/.*",
        "**/node_modules/**"
      ],
      "frameworksBackend": {
        "region": "us-central1"
      },
      "site": "ivan-affriandi",
      "rewrites": [
        {
          "source": "**",
          "function": {
            "functionId": "ssrivanaffriandi",
            "region": "us-central1",
            "pinTag": true
          }
        }
      ],
      "redirects": [],
      "headers": [
        {
          "source": "/_not-found",
          "headers": [
            {
              "key": "x-nextjs-stale-time",
              "value": "300"
            },
            {
              "key": "x-nextjs-prerender",
              "value": "1"
            },
            {
              "key": "x-next-cache-tags",
              "value": "_N_T_/layout,_N_T_/_not-found/layout,_N_T_/_not-found/page,_N_T_/_not-found"
            }
          ]
        },
        {
          "source": "/_global-error",
          "headers": [
            {
              "key": "x-nextjs-stale-time",
              "value": "300"
            },
            {
              "key": "x-nextjs-prerender",
              "value": "1"
            },
            {
              "key": "x-next-cache-tags",
              "value": "_N_T_/layout,_N_T_/_global-error/layout,_N_T_/_global-error/page,_N_T_/_global-error"
            }
          ]
        },
        {
          "source": "/ask/opengraph-image",
          "headers": [
            {
              "key": "cache-control",
              "value": "public, max-age=0, must-revalidate"
            },
            {
              "key": "content-type",
              "value": "image/png"
            },
            {
              "key": "x-next-cache-tags",
              "value": "_N_T_/layout,_N_T_/ask/layout,_N_T_/ask/opengraph-image/layout,_N_T_/ask/opengraph-image/route,_N_T_/ask/opengraph-image"
            }
          ]
        },
        {
          "source": "/ask",
          "headers": [
            {
              "key": "x-nextjs-stale-time",
              "value": "300"
            },
            {
              "key": "x-nextjs-prerender",
              "value": "1"
            },
            {
              "key": "x-next-cache-tags",
              "value": "_N_T_/layout,_N_T_/ask/layout,_N_T_/ask/page,_N_T_/ask"
            }
          ]
        },
        {
          "source": "/favicon.ico",
          "headers": [
            {
              "key": "cache-control",
              "value": "public, max-age=0, must-revalidate"
            },
            {
              "key": "content-type",
              "value": "image/x-icon"
            },
            {
              "key": "x-next-cache-tags",
              "value": "_N_T_/layout,_N_T_/favicon.ico/layout,_N_T_/favicon.ico/route,_N_T_/favicon.ico"
            }
          ]
        },
        {
          "source": "/moments",
          "headers": [
            {
              "key": "x-nextjs-stale-time",
              "value": "300"
            },
            {
              "key": "x-nextjs-prerender",
              "value": "1"
            },
            {
              "key": "x-next-cache-tags",
              "value": "_N_T_/layout,_N_T_/moments/layout,_N_T_/moments/page,_N_T_/moments"
            }
          ]
        },
        {
          "source": "/gallery",
          "headers": [
            {
              "key": "x-nextjs-stale-time",
              "value": "300"
            },
            {
              "key": "x-nextjs-prerender",
              "value": "1"
            },
            {
              "key": "x-next-cache-tags",
              "value": "_N_T_/layout,_N_T_/gallery/layout,_N_T_/gallery/page,_N_T_/gallery"
            }
          ]
        },
        {
          "source": "/opengraph-image",
          "headers": [
            {
              "key": "cache-control",
              "value": "public, max-age=0, must-revalidate"
            },
            {
              "key": "content-type",
              "value": "image/png"
            },
            {
              "key": "x-next-cache-tags",
              "value": "_N_T_/layout,_N_T_/opengraph-image/layout,_N_T_/opengraph-image/route,_N_T_/opengraph-image"
            }
          ]
        },
        {
          "source": "/admin",
          "headers": [
            {
              "key": "x-nextjs-stale-time",
              "value": "300"
            },
            {
              "key": "x-nextjs-prerender",
              "value": "1"
            },
            {
              "key": "x-next-cache-tags",
              "value": "_N_T_/layout,_N_T_/admin/layout,_N_T_/admin/page,_N_T_/admin"
            }
          ]
        },
        {
          "source": "/about",
          "headers": [
            {
              "key": "location",
              "value": "/#about"
            },
            {
              "key": "x-nextjs-stale-time",
              "value": "300"
            },
            {
              "key": "x-nextjs-prerender",
              "value": "1"
            },
            {
              "key": "x-next-cache-tags",
              "value": "_N_T_/layout,_N_T_/about/layout,_N_T_/about/page,_N_T_/about"
            }
          ]
        },
        {
          "source": "**/*.[jt]s",
          "headers": [
            {
              "key": "Set-Cookie",
              "value": "__FIREBASE_DEFAULTS__=eyJjb25maWciOnsicHJvamVjdElkIjoiaXZhbi1hZmZyaWFuZGkiLCJkYXRhYmFzZVVSTCI6Imh0dHBzOi8vaXZhbi1hZmZyaWFuZGktZGVmYXVsdC1ydGRiLmFzaWEtc291dGhlYXN0MS5maXJlYmFzZWRhdGFiYXNlLmFwcCIsInN0b3JhZ2VCdWNrZXQiOiJpdmFuLWFmZnJpYW5kaS5maXJlYmFzZXN0b3JhZ2UuYXBwIiwiYXBpS2V5IjoiQUl6YVN5QlZSSXdoWjNDWFRKTGRicDRtYTE1WE1YWWZoV2FfaVB3IiwiYXV0aERvbWFpbiI6Iml2YW4tYWZmcmlhbmRpLmZpcmViYXNlYXBwLmNvbSIsIm1lc3NhZ2luZ1NlbmRlcklkIjoiMTkzNjQ3ODQxMzciLCJwcm9qZWN0TnVtYmVyIjoiMTkzNjQ3ODQxMzciLCJ2ZXJzaW9uIjoiMiJ9LCJfYXV0aFRva2VuU3luY1VSTCI6Ii9fX3Nlc3Npb24ifQ; SameSite=Strict; Expires=2028-04-12T14:54:40.729Z; Path=/;"
            }
          ]
        }
      ],
      "cleanUrls": true,
      "trailingSlash": false,
      "public": ".firebase/ivan-affriandi/hosting",
      "webFramework": "next_ssr"
    }
  ],
  "functions": [
    {
      "source": ".firebase/ivan-affriandi/functions",
      "codebase": "firebase-frameworks-ivan-affriandi"
    }
  ]
}
[debug] [2026-05-19T04:14:40.731Z] > command requires scopes: ["email","openid","https://www.googleapis.com/auth/cloudplatformprojects.readonly","https://www.googleapis.com/auth/firebase","https://www.googleapis.com/auth/cloud-platform"]
[debug] [2026-05-19T04:14:40.732Z] > authorizing via signed-in user (ivanaffriandi@kakao.com)
[debug] [2026-05-19T04:14:40.732Z] [iam] checking project ivan-affriandi for permissions ["cloudfunctions.functions.create","cloudfunctions.functions.delete","cloudfunctions.functions.get","cloudfunctions.functions.list","cloudfunctions.functions.update","cloudfunctions.operations.get","firebase.projects.get"]
[debug] [2026-05-19T04:14:40.733Z] Checked if tokens are valid: true, expires at: 1779167523066
[debug] [2026-05-19T04:14:40.733Z] Checked if tokens are valid: true, expires at: 1779167523066
[debug] [2026-05-19T04:14:40.733Z] >>> [apiv2][query] POST https://cloudresourcemanager.googleapis.com/v1/projects/ivan-affriandi:testIamPermissions [none]
[debug] [2026-05-19T04:14:40.733Z] >>> [apiv2][(partial)header] POST https://cloudresourcemanager.googleapis.com/v1/projects/ivan-affriandi:testIamPermissions  x-goog-user-project=ivan-affriandi
[debug] [2026-05-19T04:14:40.733Z] >>> [apiv2][body] POST https://cloudresourcemanager.googleapis.com/v1/projects/ivan-affriandi:testIamPermissions {"permissions":["cloudfunctions.functions.create","cloudfunctions.functions.delete","cloudfunctions.functions.get","cloudfunctions.functions.list","cloudfunctions.functions.update","cloudfunctions.operations.get","firebase.projects.get"]}
[debug] [2026-05-19T04:14:41.115Z] <<< [apiv2][status] POST https://cloudresourcemanager.googleapis.com/v1/projects/ivan-affriandi:testIamPermissions 200
[debug] [2026-05-19T04:14:41.115Z] <<< [apiv2][body] POST https://cloudresourcemanager.googleapis.com/v1/projects/ivan-affriandi:testIamPermissions {"permissions":["cloudfunctions.functions.create","cloudfunctions.functions.delete","cloudfunctions.functions.get","cloudfunctions.functions.list","cloudfunctions.functions.update","cloudfunctions.operations.get","firebase.projects.get"]}
[info] 
[info] === Deploying to 'ivan-affriandi'...
[info] 
[info] i  deploying functions, hosting 
[debug] [2026-05-19T04:14:41.129Z] Checked if tokens are valid: true, expires at: 1779167523066
[debug] [2026-05-19T04:14:41.129Z] Checked if tokens are valid: true, expires at: 1779167523066
[debug] [2026-05-19T04:14:41.129Z] >>> [apiv2][query] GET https://cloudresourcemanager.googleapis.com/v1/projects/ivan-affriandi [none]
[debug] [2026-05-19T04:14:41.917Z] <<< [apiv2][status] GET https://cloudresourcemanager.googleapis.com/v1/projects/ivan-affriandi 200
[debug] [2026-05-19T04:14:41.917Z] <<< [apiv2][body] GET https://cloudresourcemanager.googleapis.com/v1/projects/ivan-affriandi {"projectNumber":"19364784137","projectId":"ivan-affriandi","lifecycleState":"ACTIVE","name":"Ivan Affriandi","labels":{"firebase":"enabled","firebase-core":"disabled"},"createTime":"2026-04-18T11:35:43.556Z"}
[info] i  functions: preparing codebase firebase-frameworks-ivan-affriandi for deployment 
[info] i  functions: ensuring required API cloudfunctions.googleapis.com is enabled... 
[info] i  functions: ensuring required API cloudbuild.googleapis.com is enabled... 
[info] i  artifactregistry: ensuring required API artifactregistry.googleapis.com is enabled... 
[debug] [2026-05-19T04:14:41.922Z] Checked if tokens are valid: true, expires at: 1779167523066
[debug] [2026-05-19T04:14:41.922Z] Checked if tokens are valid: true, expires at: 1779167523066
[debug] [2026-05-19T04:14:41.922Z] >>> [apiv2][query] GET https://firebase.googleapis.com/v1beta1/projects/ivan-affriandi/adminSdkConfig [none]
[debug] [2026-05-19T04:14:42.346Z] <<< [apiv2][status] GET https://firebase.googleapis.com/v1beta1/projects/ivan-affriandi/adminSdkConfig 200
[debug] [2026-05-19T04:14:42.346Z] <<< [apiv2][body] GET https://firebase.googleapis.com/v1beta1/projects/ivan-affriandi/adminSdkConfig {"projectId":"ivan-affriandi","databaseURL":"https://ivan-affriandi-default-rtdb.asia-southeast1.firebasedatabase.app","storageBucket":"ivan-affriandi.firebasestorage.app"}
[debug] [2026-05-19T04:14:42.346Z] Checked if tokens are valid: true, expires at: 1779167523066
[debug] [2026-05-19T04:14:42.347Z] Checked if tokens are valid: true, expires at: 1779167523066
[debug] [2026-05-19T04:14:42.347Z] >>> [apiv2][query] GET https://runtimeconfig.googleapis.com/v1beta1/projects/ivan-affriandi/configs [none]
[debug] [2026-05-19T04:14:43.777Z] <<< [apiv2][status] GET https://runtimeconfig.googleapis.com/v1beta1/projects/ivan-affriandi/configs 200
[debug] [2026-05-19T04:14:43.777Z] <<< [apiv2][body] GET https://runtimeconfig.googleapis.com/v1beta1/projects/ivan-affriandi/configs {}
[debug] [2026-05-19T04:14:43.781Z] Validating nodejs source
[warn] ⚠  functions: package.json indicates an outdated version of firebase-functions. Please upgrade using npm install --save firebase-functions@latest in your functions directory. 
[warn] ⚠  functions: Please note that there will be breaking changes when you upgrade. 
[debug] [2026-05-19T04:14:45.261Z] > [functions] package.json contents: {
  "name": "personal-blog",
  "version": "0.1.0",
  "private": true,
  "dependencies": {
    "@types/canvas-confetti": "^1.9.0",
    "canvas-confetti": "^1.9.4",
    "firebase": "^12.13.0",
    "framer-motion": "^12.38.0",
    "next": "16.2.6",
    "react": "19.2.4",
    "react-dom": "19.2.4",
    "firebase-frameworks": "^0.11.0",
    "firebase-functions": "^6.0.1",
    "firebase-admin": "^11.11.1"
  },
  "main": "server.js",
  "engines": {
    "node": "24"
  }
}
[debug] [2026-05-19T04:14:45.262Z] Building nodejs source
[info] i  functions: Loading and analyzing source code for codebase firebase-frameworks-ivan-affriandi to determine what to deploy 
[debug] [2026-05-19T04:14:45.275Z] Could not find functions.yaml. Must use http discovery
[debug] [2026-05-19T04:14:45.324Z] Found firebase-functions binary at '/Users/ivanaffriandi/Ivan Affriandi/.firebase/ivan-affriandi/functions/node_modules/.bin/firebase-functions'
[info] Serving at port 8712

[debug] [2026-05-19T04:14:46.530Z] Got response from /__/functions.yaml {"endpoints":{"ssrivanaffriandi":{"availableMemoryMb":null,"timeoutSeconds":null,"minInstances":null,"maxInstances":null,"ingressSettings":null,"concurrency":null,"serviceAccountEmail":null,"vpc":null,"platform":"gcfv2","region":["us-central1"],"labels":{},"httpsTrigger":{},"entryPoint":"ssrivanaffriandi"}},"specVersion":"v1alpha1","requiredAPIs":[],"extensions":{}}
[info] i  extensions: ensuring required API firebaseextensions.googleapis.com is enabled... 
[debug] [2026-05-19T04:14:50.583Z] > command requires scopes: ["email","openid","https://www.googleapis.com/auth/cloudplatformprojects.readonly","https://www.googleapis.com/auth/firebase","https://www.googleapis.com/auth/cloud-platform"]
[debug] [2026-05-19T04:14:50.584Z] > authorizing via signed-in user (ivanaffriandi@kakao.com)
[debug] [2026-05-19T04:14:50.584Z] [iam] checking project ivan-affriandi for permissions ["firebase.projects.get","firebaseextensions.instances.list"]
[debug] [2026-05-19T04:14:50.584Z] Checked if tokens are valid: true, expires at: 1779167523066
[debug] [2026-05-19T04:14:50.585Z] Checked if tokens are valid: true, expires at: 1779167523066
[debug] [2026-05-19T04:14:50.585Z] >>> [apiv2][query] POST https://cloudresourcemanager.googleapis.com/v1/projects/ivan-affriandi:testIamPermissions [none]
[debug] [2026-05-19T04:14:50.585Z] >>> [apiv2][(partial)header] POST https://cloudresourcemanager.googleapis.com/v1/projects/ivan-affriandi:testIamPermissions  x-goog-user-project=ivan-affriandi
[debug] [2026-05-19T04:14:50.585Z] >>> [apiv2][body] POST https://cloudresourcemanager.googleapis.com/v1/projects/ivan-affriandi:testIamPermissions {"permissions":["firebase.projects.get","firebaseextensions.instances.list"]}
[debug] [2026-05-19T04:14:50.845Z] <<< [apiv2][status] POST https://cloudresourcemanager.googleapis.com/v1/projects/ivan-affriandi:testIamPermissions 200
[debug] [2026-05-19T04:14:50.846Z] <<< [apiv2][body] POST https://cloudresourcemanager.googleapis.com/v1/projects/ivan-affriandi:testIamPermissions {"permissions":["firebase.projects.get","firebaseextensions.instances.list"]}
[debug] [2026-05-19T04:14:50.846Z] Checked if tokens are valid: true, expires at: 1779167523066
[debug] [2026-05-19T04:14:50.846Z] Checked if tokens are valid: true, expires at: 1779167523066
[debug] [2026-05-19T04:14:50.846Z] >>> [apiv2][query] GET https://firebaseextensions.googleapis.com/v1beta/projects/ivan-affriandi/instances pageSize=100&pageToken=
[debug] [2026-05-19T04:14:52.194Z] <<< [apiv2][status] GET https://firebaseextensions.googleapis.com/v1beta/projects/ivan-affriandi/instances 200
[debug] [2026-05-19T04:14:52.195Z] <<< [apiv2][body] GET https://firebaseextensions.googleapis.com/v1beta/projects/ivan-affriandi/instances {}
[info] i  functions: Loaded environment variables from .env. 
[info] i  functions: preparing .firebase/ivan-affriandi/functions directory for uploading... 
[debug] [2026-05-19T04:15:36.150Z] ----------------------------------------------------------------------
[debug] [2026-05-19T04:15:36.155Z] Command:       /Users/ivanaffriandi/.nvm/versions/node/v25.8.1/bin/node /Users/ivanaffriandi/.nvm/versions/node/v25.8.1/bin/firebase deploy
[debug] [2026-05-19T04:15:36.155Z] CLI Version:   15.14.0
[debug] [2026-05-19T04:15:36.155Z] Platform:      darwin
[debug] [2026-05-19T04:15:36.155Z] Node Version:  v25.8.1
[debug] [2026-05-19T04:15:36.155Z] Time:          Tue May 19 2026 11:15:36 GMT+0700 (Western Indonesia Time)
[debug] [2026-05-19T04:15:36.155Z] ----------------------------------------------------------------------
[debug] 
[debug] [2026-05-19T04:15:38.977Z] > command requires scopes: ["email","openid","https://www.googleapis.com/auth/cloudplatformprojects.readonly","https://www.googleapis.com/auth/firebase","https://www.googleapis.com/auth/cloud-platform"]
[debug] [2026-05-19T04:15:38.978Z] > authorizing via signed-in user (ivanaffriandi@kakao.com)
[debug] [2026-05-19T04:15:38.978Z] [iam] checking project ivan-affriandi for permissions ["firebase.projects.get","firebasehosting.sites.update"]
[debug] [2026-05-19T04:15:38.979Z] Checked if tokens are valid: true, expires at: 1779167523066
[debug] [2026-05-19T04:15:38.979Z] Checked if tokens are valid: true, expires at: 1779167523066
[debug] [2026-05-19T04:15:38.980Z] >>> [apiv2][query] POST https://cloudresourcemanager.googleapis.com/v1/projects/ivan-affriandi:testIamPermissions [none]
[debug] [2026-05-19T04:15:38.980Z] >>> [apiv2][(partial)header] POST https://cloudresourcemanager.googleapis.com/v1/projects/ivan-affriandi:testIamPermissions  x-goog-user-project=ivan-affriandi
[debug] [2026-05-19T04:15:38.981Z] >>> [apiv2][body] POST https://cloudresourcemanager.googleapis.com/v1/projects/ivan-affriandi:testIamPermissions {"permissions":["firebase.projects.get","firebasehosting.sites.update"]}
[debug] [2026-05-19T04:15:39.386Z] <<< [apiv2][status] POST https://cloudresourcemanager.googleapis.com/v1/projects/ivan-affriandi:testIamPermissions 200
[debug] [2026-05-19T04:15:39.386Z] <<< [apiv2][body] POST https://cloudresourcemanager.googleapis.com/v1/projects/ivan-affriandi:testIamPermissions {"permissions":["firebase.projects.get","firebasehosting.sites.update"]}
[debug] [2026-05-19T04:15:39.387Z] Checked if tokens are valid: true, expires at: 1779167523066
[debug] [2026-05-19T04:15:39.387Z] Checked if tokens are valid: true, expires at: 1779167523066
[debug] [2026-05-19T04:15:39.388Z] >>> [apiv2][query] GET https://firebase.googleapis.com/v1beta1/projects/ivan-affriandi [none]
[debug] [2026-05-19T04:15:39.789Z] <<< [apiv2][status] GET https://firebase.googleapis.com/v1beta1/projects/ivan-affriandi 200
[debug] [2026-05-19T04:15:39.790Z] <<< [apiv2][body] GET https://firebase.googleapis.com/v1beta1/projects/ivan-affriandi {"projectId":"ivan-affriandi","projectNumber":"19364784137","displayName":"Ivan Affriandi","name":"projects/ivan-affriandi","resources":{"hostingSite":"ivan-affriandi","realtimeDatabaseInstance":"ivan-affriandi-default-rtdb"},"state":"ACTIVE","etag":"1_ac78a799-a332-48fc-b624-0fb166d151e0"}
[debug] [2026-05-19T04:15:42.409Z] Checked if tokens are valid: true, expires at: 1779167523066
[debug] [2026-05-19T04:15:42.410Z] Checked if tokens are valid: true, expires at: 1779167523066
[debug] [2026-05-19T04:15:42.410Z] >>> [apiv2][query] GET https://firebasehosting.googleapis.com/v1beta1/projects/ivan-affriandi/sites pageToken=&pageSize=10
[debug] [2026-05-19T04:15:43.475Z] <<< [apiv2][status] GET https://firebasehosting.googleapis.com/v1beta1/projects/ivan-affriandi/sites 200
[debug] [2026-05-19T04:15:43.475Z] <<< [apiv2][body] GET https://firebasehosting.googleapis.com/v1beta1/projects/ivan-affriandi/sites {"sites":[{"name":"projects/ivan-affriandi/sites/ivan-affriandi","defaultUrl":"https://ivan-affriandi.web.app","type":"DEFAULT_SITE"}]}
[debug] [2026-05-19T04:15:43.476Z] Checked if tokens are valid: true, expires at: 1779167523066
[debug] [2026-05-19T04:15:43.476Z] Checked if tokens are valid: true, expires at: 1779167523066
[debug] [2026-05-19T04:15:43.476Z] >>> [apiv2][query] GET https://firebasehosting.googleapis.com/v1beta1/projects/ivan-affriandi/sites 
[debug] [2026-05-19T04:15:44.276Z] <<< [apiv2][status] GET https://firebasehosting.googleapis.com/v1beta1/projects/ivan-affriandi/sites 200
[debug] [2026-05-19T04:15:44.276Z] <<< [apiv2][body] GET https://firebasehosting.googleapis.com/v1beta1/projects/ivan-affriandi/sites {"sites":[{"name":"projects/ivan-affriandi/sites/ivan-affriandi","defaultUrl":"https://ivan-affriandi.web.app","type":"DEFAULT_SITE"}]}
[debug] [2026-05-19T04:15:44.276Z] Checked if tokens are valid: true, expires at: 1779167523066
[debug] [2026-05-19T04:15:44.276Z] Checked if tokens are valid: true, expires at: 1779167523066
[debug] [2026-05-19T04:15:44.276Z] >>> [apiv2][query] GET https://firebase.googleapis.com/v1beta1/projects/ivan-affriandi/webApps/-/config [none]
[debug] [2026-05-19T04:15:47.782Z] <<< [apiv2][status] GET https://firebase.googleapis.com/v1beta1/projects/ivan-affriandi/webApps/-/config 200
[debug] [2026-05-19T04:15:47.782Z] <<< [apiv2][body] GET https://firebase.googleapis.com/v1beta1/projects/ivan-affriandi/webApps/-/config {"projectId":"ivan-affriandi","databaseURL":"https://ivan-affriandi-default-rtdb.asia-southeast1.firebasedatabase.app","storageBucket":"ivan-affriandi.firebasestorage.app","apiKey":"AIzaSyBVRIwhZ3CXTJLdbp4ma15XMXYfhWa_iPw","authDomain":"ivan-affriandi.firebaseapp.com","messagingSenderId":"19364784137","projectNumber":"19364784137","version":"2"}
[info] 
   Thank you for trying our early preview of Next.js support on Firebase Hosting.
   During the preview, support is best-effort and breaking changes can be expected. Proceed with caution.
   The integration is known to work with Next.js version 12 - 15.0. You may encounter errors.

   Documentation: https://firebase.google.com/docs/hosting/frameworks/nextjs
   File a bug: https://github.com/firebase/firebase-tools/issues/new?template=bug_report.md
   Submit a feature request: https://github.com/firebase/firebase-tools/issues/new?template=feature_request.md

   We'd love to learn from you. Express your interest in helping us shape the future of Firebase Hosting: https://goo.gle/41enW5X

[debug] [2026-05-19T04:15:51.918Z] Checked if tokens are valid: true, expires at: 1779167523066
[debug] [2026-05-19T04:15:51.919Z] Checked if tokens are valid: true, expires at: 1779167523066
[debug] [2026-05-19T04:15:51.919Z] >>> [apiv2][query] GET https://firebasehosting.googleapis.com/v1beta1/projects/ivan-affriandi/sites/ivan-affriandi [none]
[debug] [2026-05-19T04:15:52.797Z] <<< [apiv2][status] GET https://firebasehosting.googleapis.com/v1beta1/projects/ivan-affriandi/sites/ivan-affriandi 200
[debug] [2026-05-19T04:15:52.797Z] <<< [apiv2][body] GET https://firebasehosting.googleapis.com/v1beta1/projects/ivan-affriandi/sites/ivan-affriandi {"name":"projects/ivan-affriandi/sites/ivan-affriandi","defaultUrl":"https://ivan-affriandi.web.app","type":"DEFAULT_SITE"}
[info] ▲ Next.js 16.2.6 (Turbopack)
- Environments: .env


[info]   Creating an optimized production build ...

[info] ✓ Compiled successfully in 9.0s

[info]   Running TypeScript ...

[info]   Finished TypeScript in 5.6s ...

[info]   Collecting page data using 3 workers ...

[info]   Generating static pages using 3 workers (0/12) ...

[info] ⚠ metadataBase property in metadata export is not set for resolving social open graph or twitter images, using "http://localhost:3000". See https://nextjs.org/docs/app/api-reference/functions/generate-metadata#metadatabase

[info]   Generating static pages using 3 workers (3/12) 

[info]   Generating static pages using 3 workers (6/12) 

[info]   Generating static pages using 3 workers (9/12) 

[info] ✓ Generating static pages using 3 workers (12/12) in 1064ms

[info]   Finalizing page optimization ...

[info] 
Route (app)
┌ ƒ /
├ ○ /_not-found
├ ○ /about
├ ○ /admin
├ ƒ /api/instagram
├ ƒ /api/twitter
├ ○ /ask
├ ○ /ask/opengraph-image
├ ƒ /blog/[id]
├ ○ /gallery
├ ○ /moments
└ ○ /opengraph-image


○  (Static)   prerendered as static content
ƒ  (Dynamic)  server-rendered on demand


[info] Building a Cloud Function to run this application. This is needed due to:
[info]  • non-static component /api/instagram/route
[info]  • non-static component /api/twitter/route
[info]  • non-static component /blog/[id]/page
[info]  • non-static component /page
[info] 
[debug] [2026-05-19T04:16:18.741Z] Checked if tokens are valid: true, expires at: 1779167523066
[debug] [2026-05-19T04:16:18.741Z] Checked if tokens are valid: true, expires at: 1779167523066
[debug] [2026-05-19T04:16:18.741Z] >>> [apiv2][query] GET https://firebasehosting.googleapis.com/v1beta1/projects/ivan-affriandi/sites/ivan-affriandi [none]
[debug] [2026-05-19T04:16:19.538Z] <<< [apiv2][status] GET https://firebasehosting.googleapis.com/v1beta1/projects/ivan-affriandi/sites/ivan-affriandi 200
[debug] [2026-05-19T04:16:19.538Z] <<< [apiv2][body] GET https://firebasehosting.googleapis.com/v1beta1/projects/ivan-affriandi/sites/ivan-affriandi {"name":"projects/ivan-affriandi/sites/ivan-affriandi","defaultUrl":"https://ivan-affriandi.web.app","type":"DEFAULT_SITE"}
[warn] ⚠  This integration expects Node version 20, 22, or 24. You're running version 25, problems may be encountered. 
[debug] [2026-05-19T04:16:34.566Z] [web frameworks] effective firebase.json:  {
  "hosting": [
    {
      "source": ".",
      "ignore": [
        "firebase.json",
        "**/.*",
        "**/node_modules/**"
      ],
      "frameworksBackend": {
        "region": "us-central1"
      },
      "site": "ivan-affriandi",
      "rewrites": [
        {
          "source": "**",
          "function": {
            "functionId": "ssrivanaffriandi",
            "region": "us-central1",
            "pinTag": true
          }
        }
      ],
      "redirects": [],
      "headers": [
        {
          "source": "/_global-error",
          "headers": [
            {
              "key": "x-nextjs-stale-time",
              "value": "300"
            },
            {
              "key": "x-nextjs-prerender",
              "value": "1"
            },
            {
              "key": "x-next-cache-tags",
              "value": "_N_T_/layout,_N_T_/_global-error/layout,_N_T_/_global-error/page,_N_T_/_global-error"
            }
          ]
        },
        {
          "source": "/_not-found",
          "headers": [
            {
              "key": "x-nextjs-stale-time",
              "value": "300"
            },
            {
              "key": "x-nextjs-prerender",
              "value": "1"
            },
            {
              "key": "x-next-cache-tags",
              "value": "_N_T_/layout,_N_T_/_not-found/layout,_N_T_/_not-found/page,_N_T_/_not-found"
            }
          ]
        },
        {
          "source": "/admin",
          "headers": [
            {
              "key": "x-nextjs-stale-time",
              "value": "300"
            },
            {
              "key": "x-nextjs-prerender",
              "value": "1"
            },
            {
              "key": "x-next-cache-tags",
              "value": "_N_T_/layout,_N_T_/admin/layout,_N_T_/admin/page,_N_T_/admin"
            }
          ]
        },
        {
          "source": "/about",
          "headers": [
            {
              "key": "location",
              "value": "/#about"
            },
            {
              "key": "x-nextjs-stale-time",
              "value": "300"
            },
            {
              "key": "x-nextjs-prerender",
              "value": "1"
            },
            {
              "key": "x-next-cache-tags",
              "value": "_N_T_/layout,_N_T_/about/layout,_N_T_/about/page,_N_T_/about"
            }
          ]
        },
        {
          "source": "/ask",
          "headers": [
            {
              "key": "x-nextjs-stale-time",
              "value": "300"
            },
            {
              "key": "x-nextjs-prerender",
              "value": "1"
            },
            {
              "key": "x-next-cache-tags",
              "value": "_N_T_/layout,_N_T_/ask/layout,_N_T_/ask/page,_N_T_/ask"
            }
          ]
        },
        {
          "source": "/ask/opengraph-image",
          "headers": [
            {
              "key": "cache-control",
              "value": "public, max-age=0, must-revalidate"
            },
            {
              "key": "content-type",
              "value": "image/png"
            },
            {
              "key": "x-next-cache-tags",
              "value": "_N_T_/layout,_N_T_/ask/layout,_N_T_/ask/opengraph-image/layout,_N_T_/ask/opengraph-image/route,_N_T_/ask/opengraph-image"
            }
          ]
        },
        {
          "source": "/favicon.ico",
          "headers": [
            {
              "key": "cache-control",
              "value": "public, max-age=0, must-revalidate"
            },
            {
              "key": "content-type",
              "value": "image/x-icon"
            },
            {
              "key": "x-next-cache-tags",
              "value": "_N_T_/layout,_N_T_/favicon.ico/layout,_N_T_/favicon.ico/route,_N_T_/favicon.ico"
            }
          ]
        },
        {
          "source": "/gallery",
          "headers": [
            {
              "key": "x-nextjs-stale-time",
              "value": "300"
            },
            {
              "key": "x-nextjs-prerender",
              "value": "1"
            },
            {
              "key": "x-next-cache-tags",
              "value": "_N_T_/layout,_N_T_/gallery/layout,_N_T_/gallery/page,_N_T_/gallery"
            }
          ]
        },
        {
          "source": "/moments",
          "headers": [
            {
              "key": "x-nextjs-stale-time",
              "value": "300"
            },
            {
              "key": "x-nextjs-prerender",
              "value": "1"
            },
            {
              "key": "x-next-cache-tags",
              "value": "_N_T_/layout,_N_T_/moments/layout,_N_T_/moments/page,_N_T_/moments"
            }
          ]
        },
        {
          "source": "/opengraph-image",
          "headers": [
            {
              "key": "cache-control",
              "value": "public, max-age=0, must-revalidate"
            },
            {
              "key": "content-type",
              "value": "image/png"
            },
            {
              "key": "x-next-cache-tags",
              "value": "_N_T_/layout,_N_T_/opengraph-image/layout,_N_T_/opengraph-image/route,_N_T_/opengraph-image"
            }
          ]
        },
        {
          "source": "**/*.[jt]s",
          "headers": [
            {
              "key": "Set-Cookie",
              "value": "__FIREBASE_DEFAULTS__=eyJjb25maWciOnsicHJvamVjdElkIjoiaXZhbi1hZmZyaWFuZGkiLCJkYXRhYmFzZVVSTCI6Imh0dHBzOi8vaXZhbi1hZmZyaWFuZGktZGVmYXVsdC1ydGRiLmFzaWEtc291dGhlYXN0MS5maXJlYmFzZWRhdGFiYXNlLmFwcCIsInN0b3JhZ2VCdWNrZXQiOiJpdmFuLWFmZnJpYW5kaS5maXJlYmFzZXN0b3JhZ2UuYXBwIiwiYXBpS2V5IjoiQUl6YVN5QlZSSXdoWjNDWFRKTGRicDRtYTE1WE1YWWZoV2FfaVB3IiwiYXV0aERvbWFpbiI6Iml2YW4tYWZmcmlhbmRpLmZpcmViYXNlYXBwLmNvbSIsIm1lc3NhZ2luZ1NlbmRlcklkIjoiMTkzNjQ3ODQxMzciLCJwcm9qZWN0TnVtYmVyIjoiMTkzNjQ3ODQxMzciLCJ2ZXJzaW9uIjoiMiJ9LCJfYXV0aFRva2VuU3luY1VSTCI6Ii9fX3Nlc3Npb24ifQ; SameSite=Strict; Expires=2028-04-12T14:56:34.565Z; Path=/;"
            }
          ]
        }
      ],
      "cleanUrls": true,
      "trailingSlash": false,
      "public": ".firebase/ivan-affriandi/hosting",
      "webFramework": "next_ssr"
    }
  ],
  "functions": [
    {
      "source": ".firebase/ivan-affriandi/functions",
      "codebase": "firebase-frameworks-ivan-affriandi"
    }
  ]
}
[debug] [2026-05-19T04:16:34.567Z] > command requires scopes: ["email","openid","https://www.googleapis.com/auth/cloudplatformprojects.readonly","https://www.googleapis.com/auth/firebase","https://www.googleapis.com/auth/cloud-platform"]
[debug] [2026-05-19T04:16:34.567Z] > authorizing via signed-in user (ivanaffriandi@kakao.com)
[debug] [2026-05-19T04:16:34.567Z] [iam] checking project ivan-affriandi for permissions ["cloudfunctions.functions.create","cloudfunctions.functions.delete","cloudfunctions.functions.get","cloudfunctions.functions.list","cloudfunctions.functions.update","cloudfunctions.operations.get","firebase.projects.get"]
[debug] [2026-05-19T04:16:34.567Z] Checked if tokens are valid: true, expires at: 1779167523066
[debug] [2026-05-19T04:16:34.567Z] Checked if tokens are valid: true, expires at: 1779167523066
[debug] [2026-05-19T04:16:34.567Z] >>> [apiv2][query] POST https://cloudresourcemanager.googleapis.com/v1/projects/ivan-affriandi:testIamPermissions [none]
[debug] [2026-05-19T04:16:34.567Z] >>> [apiv2][(partial)header] POST https://cloudresourcemanager.googleapis.com/v1/projects/ivan-affriandi:testIamPermissions  x-goog-user-project=ivan-affriandi
[debug] [2026-05-19T04:16:34.568Z] >>> [apiv2][body] POST https://cloudresourcemanager.googleapis.com/v1/projects/ivan-affriandi:testIamPermissions {"permissions":["cloudfunctions.functions.create","cloudfunctions.functions.delete","cloudfunctions.functions.get","cloudfunctions.functions.list","cloudfunctions.functions.update","cloudfunctions.operations.get","firebase.projects.get"]}
[debug] [2026-05-19T04:16:34.831Z] <<< [apiv2][status] POST https://cloudresourcemanager.googleapis.com/v1/projects/ivan-affriandi:testIamPermissions 200
[debug] [2026-05-19T04:16:34.831Z] <<< [apiv2][body] POST https://cloudresourcemanager.googleapis.com/v1/projects/ivan-affriandi:testIamPermissions {"permissions":["cloudfunctions.functions.create","cloudfunctions.functions.delete","cloudfunctions.functions.get","cloudfunctions.functions.list","cloudfunctions.functions.update","cloudfunctions.operations.get","firebase.projects.get"]}
[info] 
[info] === Deploying to 'ivan-affriandi'...
[info] 
[info] i  deploying functions, hosting 
[debug] [2026-05-19T04:16:34.838Z] Checked if tokens are valid: true, expires at: 1779167523066
[debug] [2026-05-19T04:16:34.838Z] Checked if tokens are valid: true, expires at: 1779167523066
[debug] [2026-05-19T04:16:34.838Z] >>> [apiv2][query] GET https://cloudresourcemanager.googleapis.com/v1/projects/ivan-affriandi [none]
[debug] [2026-05-19T04:16:35.086Z] <<< [apiv2][status] GET https://cloudresourcemanager.googleapis.com/v1/projects/ivan-affriandi 200
[debug] [2026-05-19T04:16:35.086Z] <<< [apiv2][body] GET https://cloudresourcemanager.googleapis.com/v1/projects/ivan-affriandi {"projectNumber":"19364784137","projectId":"ivan-affriandi","lifecycleState":"ACTIVE","name":"Ivan Affriandi","labels":{"firebase":"enabled","firebase-core":"disabled"},"createTime":"2026-04-18T11:35:43.556Z"}
[info] i  functions: preparing codebase firebase-frameworks-ivan-affriandi for deployment 
[info] i  functions: ensuring required API cloudfunctions.googleapis.com is enabled... 
[info] i  functions: ensuring required API cloudbuild.googleapis.com is enabled... 
[info] i  artifactregistry: ensuring required API artifactregistry.googleapis.com is enabled... 
[debug] [2026-05-19T04:16:35.091Z] Checked if tokens are valid: true, expires at: 1779167523066
[debug] [2026-05-19T04:16:35.091Z] Checked if tokens are valid: true, expires at: 1779167523066
[debug] [2026-05-19T04:16:35.091Z] >>> [apiv2][query] GET https://firebase.googleapis.com/v1beta1/projects/ivan-affriandi/adminSdkConfig [none]
[debug] [2026-05-19T04:16:35.494Z] <<< [apiv2][status] GET https://firebase.googleapis.com/v1beta1/projects/ivan-affriandi/adminSdkConfig 200
[debug] [2026-05-19T04:16:35.495Z] <<< [apiv2][body] GET https://firebase.googleapis.com/v1beta1/projects/ivan-affriandi/adminSdkConfig {"projectId":"ivan-affriandi","databaseURL":"https://ivan-affriandi-default-rtdb.asia-southeast1.firebasedatabase.app","storageBucket":"ivan-affriandi.firebasestorage.app"}
[debug] [2026-05-19T04:16:35.495Z] Checked if tokens are valid: true, expires at: 1779167523066
[debug] [2026-05-19T04:16:35.495Z] Checked if tokens are valid: true, expires at: 1779167523066
[debug] [2026-05-19T04:16:35.495Z] >>> [apiv2][query] GET https://runtimeconfig.googleapis.com/v1beta1/projects/ivan-affriandi/configs [none]
[debug] [2026-05-19T04:16:36.742Z] <<< [apiv2][status] GET https://runtimeconfig.googleapis.com/v1beta1/projects/ivan-affriandi/configs 200
[debug] [2026-05-19T04:16:36.742Z] <<< [apiv2][body] GET https://runtimeconfig.googleapis.com/v1beta1/projects/ivan-affriandi/configs {}
[debug] [2026-05-19T04:16:36.744Z] Validating nodejs source
[warn] ⚠  functions: package.json indicates an outdated version of firebase-functions. Please upgrade using npm install --save firebase-functions@latest in your functions directory. 
[warn] ⚠  functions: Please note that there will be breaking changes when you upgrade. 
[debug] [2026-05-19T04:16:38.457Z] > [functions] package.json contents: {
  "name": "personal-blog",
  "version": "0.1.0",
  "private": true,
  "dependencies": {
    "@types/canvas-confetti": "^1.9.0",
    "canvas-confetti": "^1.9.4",
    "firebase": "^12.13.0",
    "framer-motion": "^12.38.0",
    "next": "16.2.6",
    "react": "19.2.4",
    "react-dom": "19.2.4",
    "firebase-frameworks": "^0.11.0",
    "firebase-functions": "^6.0.1",
    "firebase-admin": "^11.11.1"
  },
  "main": "server.js",
  "engines": {
    "node": "24"
  }
}
[debug] [2026-05-19T04:16:38.458Z] Building nodejs source
[info] i  functions: Loading and analyzing source code for codebase firebase-frameworks-ivan-affriandi to determine what to deploy 
[debug] [2026-05-19T04:16:38.459Z] Could not find functions.yaml. Must use http discovery
[debug] [2026-05-19T04:16:38.467Z] Found firebase-functions binary at '/Users/ivanaffriandi/Ivan Affriandi/.firebase/ivan-affriandi/functions/node_modules/.bin/firebase-functions'
[info] Serving at port 8658

[debug] [2026-05-19T04:16:39.983Z] Got response from /__/functions.yaml {"endpoints":{"ssrivanaffriandi":{"availableMemoryMb":null,"timeoutSeconds":null,"minInstances":null,"maxInstances":null,"ingressSettings":null,"concurrency":null,"serviceAccountEmail":null,"vpc":null,"platform":"gcfv2","region":["us-central1"],"labels":{},"httpsTrigger":{},"entryPoint":"ssrivanaffriandi"}},"specVersion":"v1alpha1","requiredAPIs":[],"extensions":{}}
[info] i  extensions: ensuring required API firebaseextensions.googleapis.com is enabled... 
[debug] [2026-05-19T04:16:44.049Z] > command requires scopes: ["email","openid","https://www.googleapis.com/auth/cloudplatformprojects.readonly","https://www.googleapis.com/auth/firebase","https://www.googleapis.com/auth/cloud-platform"]
[debug] [2026-05-19T04:16:44.049Z] > authorizing via signed-in user (ivanaffriandi@kakao.com)
[debug] [2026-05-19T04:16:44.049Z] [iam] checking project ivan-affriandi for permissions ["firebase.projects.get","firebaseextensions.instances.list"]
[debug] [2026-05-19T04:16:44.049Z] Checked if tokens are valid: true, expires at: 1779167523066
[debug] [2026-05-19T04:16:44.049Z] Checked if tokens are valid: true, expires at: 1779167523066
[debug] [2026-05-19T04:16:44.049Z] >>> [apiv2][query] POST https://cloudresourcemanager.googleapis.com/v1/projects/ivan-affriandi:testIamPermissions [none]
[debug] [2026-05-19T04:16:44.049Z] >>> [apiv2][(partial)header] POST https://cloudresourcemanager.googleapis.com/v1/projects/ivan-affriandi:testIamPermissions  x-goog-user-project=ivan-affriandi
[debug] [2026-05-19T04:16:44.049Z] >>> [apiv2][body] POST https://cloudresourcemanager.googleapis.com/v1/projects/ivan-affriandi:testIamPermissions {"permissions":["firebase.projects.get","firebaseextensions.instances.list"]}
[debug] [2026-05-19T04:16:44.404Z] <<< [apiv2][status] POST https://cloudresourcemanager.googleapis.com/v1/projects/ivan-affriandi:testIamPermissions 200
[debug] [2026-05-19T04:16:44.404Z] <<< [apiv2][body] POST https://cloudresourcemanager.googleapis.com/v1/projects/ivan-affriandi:testIamPermissions {"permissions":["firebase.projects.get","firebaseextensions.instances.list"]}
[debug] [2026-05-19T04:16:44.405Z] Checked if tokens are valid: true, expires at: 1779167523066
[debug] [2026-05-19T04:16:44.405Z] Checked if tokens are valid: true, expires at: 1779167523066
[debug] [2026-05-19T04:16:44.405Z] >>> [apiv2][query] GET https://firebaseextensions.googleapis.com/v1beta/projects/ivan-affriandi/instances pageSize=100&pageToken=
[debug] [2026-05-19T04:16:45.804Z] <<< [apiv2][status] GET https://firebaseextensions.googleapis.com/v1beta/projects/ivan-affriandi/instances 200
[debug] [2026-05-19T04:16:45.804Z] <<< [apiv2][body] GET https://firebaseextensions.googleapis.com/v1beta/projects/ivan-affriandi/instances {}
[info] i  functions: Loaded environment variables from .env. 
[info] i  functions: preparing .firebase/ivan-affriandi/functions directory for uploading... 
[debug] [2026-05-19T04:17:24.931Z] ----------------------------------------------------------------------
[debug] [2026-05-19T04:17:24.940Z] Command:       /Users/ivanaffriandi/.nvm/versions/node/v25.8.1/bin/node /Users/ivanaffriandi/.nvm/versions/node/v25.8.1/bin/firebase deploy
[debug] [2026-05-19T04:17:24.940Z] CLI Version:   15.14.0
[debug] [2026-05-19T04:17:24.940Z] Platform:      darwin
[debug] [2026-05-19T04:17:24.940Z] Node Version:  v25.8.1
[debug] [2026-05-19T04:17:24.941Z] Time:          Tue May 19 2026 11:17:24 GMT+0700 (Western Indonesia Time)
[debug] [2026-05-19T04:17:24.941Z] ----------------------------------------------------------------------
[debug] 
[debug] [2026-05-19T04:17:28.910Z] > command requires scopes: ["email","openid","https://www.googleapis.com/auth/cloudplatformprojects.readonly","https://www.googleapis.com/auth/firebase","https://www.googleapis.com/auth/cloud-platform"]
[debug] [2026-05-19T04:17:28.911Z] > authorizing via signed-in user (ivanaffriandi@kakao.com)
[debug] [2026-05-19T04:17:28.911Z] [iam] checking project ivan-affriandi for permissions ["firebase.projects.get","firebasehosting.sites.update"]
[debug] [2026-05-19T04:17:28.912Z] Checked if tokens are valid: true, expires at: 1779167523066
[debug] [2026-05-19T04:17:28.912Z] Checked if tokens are valid: true, expires at: 1779167523066
[debug] [2026-05-19T04:17:28.913Z] >>> [apiv2][query] POST https://cloudresourcemanager.googleapis.com/v1/projects/ivan-affriandi:testIamPermissions [none]
[debug] [2026-05-19T04:17:28.913Z] >>> [apiv2][(partial)header] POST https://cloudresourcemanager.googleapis.com/v1/projects/ivan-affriandi:testIamPermissions  x-goog-user-project=ivan-affriandi
[debug] [2026-05-19T04:17:28.913Z] >>> [apiv2][body] POST https://cloudresourcemanager.googleapis.com/v1/projects/ivan-affriandi:testIamPermissions {"permissions":["firebase.projects.get","firebasehosting.sites.update"]}
[debug] [2026-05-19T04:17:29.287Z] <<< [apiv2][status] POST https://cloudresourcemanager.googleapis.com/v1/projects/ivan-affriandi:testIamPermissions 200
[debug] [2026-05-19T04:17:29.287Z] <<< [apiv2][body] POST https://cloudresourcemanager.googleapis.com/v1/projects/ivan-affriandi:testIamPermissions {"permissions":["firebase.projects.get","firebasehosting.sites.update"]}
[debug] [2026-05-19T04:17:29.288Z] Checked if tokens are valid: true, expires at: 1779167523066
[debug] [2026-05-19T04:17:29.288Z] Checked if tokens are valid: true, expires at: 1779167523066
[debug] [2026-05-19T04:17:29.288Z] >>> [apiv2][query] GET https://firebase.googleapis.com/v1beta1/projects/ivan-affriandi [none]
[debug] [2026-05-19T04:17:30.008Z] <<< [apiv2][status] GET https://firebase.googleapis.com/v1beta1/projects/ivan-affriandi 200
[info] i  functions: packaged /Users/ivanaffriandi/Ivan Affriandi/.firebase/ivan-affriandi/functions (975.26 MB) for uploading 
[debug] [2026-05-19T04:18:09.039Z] Checked if tokens are valid: true, expires at: 1779167523066
[debug] [2026-05-19T04:18:09.039Z] Checked if tokens are valid: true, expires at: 1779167523066
[debug] [2026-05-19T04:18:09.040Z] >>> [apiv2][query] GET https://cloudfunctions.googleapis.com/v1/projects/ivan-affriandi/locations/-/functions [none]
[debug] [2026-05-19T04:18:09.804Z] <<< [apiv2][status] GET https://cloudfunctions.googleapis.com/v1/projects/ivan-affriandi/locations/-/functions 200
[debug] [2026-05-19T04:18:09.804Z] <<< [apiv2][body] GET https://cloudfunctions.googleapis.com/v1/projects/ivan-affriandi/locations/-/functions {}
[debug] [2026-05-19T04:18:09.804Z] Checked if tokens are valid: true, expires at: 1779167523066
[debug] [2026-05-19T04:18:09.805Z] Checked if tokens are valid: true, expires at: 1779167523066
[debug] [2026-05-19T04:18:09.807Z] >>> [apiv2][query] GET https://cloudfunctions.googleapis.com/v2/projects/ivan-affriandi/locations/-/functions filter=environment%3D%22GEN_2%22
[debug] [2026-05-19T04:18:11.546Z] <<< [apiv2][status] GET https://cloudfunctions.googleapis.com/v2/projects/ivan-affriandi/locations/-/functions 200
[debug] [2026-05-19T04:18:11.547Z] <<< [apiv2][body] GET https://cloudfunctions.googleapis.com/v2/projects/ivan-affriandi/locations/-/functions {"functions":[{"name":"projects/ivan-affriandi/locations/us-central1/functions/ssrivanaffriandi","buildConfig":{"build":"projects/19364784137/locations/us-central1/builds/07828788-1852-473e-9087-f5c7cc906539","runtime":"nodejs24","entryPoint":"ssrivanaffriandi","source":{"storageSource":{"bucket":"gcf-v2-sources-19364784137-us-central1","object":"ssrivanaffriandi/function-source.zip","generation":"1779163347327155"}},"environmentVariables":{"GOOGLE_NODE_RUN_SCRIPTS":""},"dockerRepository":"projects/ivan-affriandi/locations/us-central1/repositories/gcf-artifacts","sourceProvenance":{"resolvedStorageSource":{"bucket":"gcf-v2-sources-19364784137-us-central1","object":"ssrivanaffriandi/function-source.zip","generation":"1779163347327155"}},"dockerRegistry":"ARTIFACT_REGISTRY","serviceAccount":"projects/ivan-affriandi/serviceAccounts/19364784137-compute@developer.gserviceaccount.com","automaticUpdatePolicy":{}},"serviceConfig":{"service":"projects/ivan-affriandi/locations/us-central1/services/ssrivanaffriandi","timeoutSeconds":60,"environmentVariables":{"BLOGGER_BLOG_ID":"34342204224217142","BLOGGER_API_KEY":"AIzaSyAoLdaGF1TegHsjQRLIBZ6Y7vNCYBPR9Sg","INSTAGRAM_ACCESS_TOKEN":"ganti_dengan_access_token_instagram_anda","TWITTER_BEARER_TOKEN":"AAAAAAAAAAAAAAAAAAAAADa69gEAAAAAoe%2BC38KnM9xw8gQLesJQJOmht%2BU%3DCuWo6F8s81RNrEDsJpHPg43Ct0hgzIh5pjbn3s0E834o5rdX5M","TWITTER_USERNAME":"helloivano","VERCEL_URL":"ivan-affriandi.web.app","__FIREBASE_FRAMEWORKS_ENTRY__":"next.js","__FIREBASE_DEFAULTS__":"{\"config\":{\"projectId\":\"ivan-affriandi\",\"databaseURL\":\"https://ivan-affriandi-default-rtdb.asia-southeast1.firebasedatabase.app\",\"storageBucket\":\"ivan-affriandi.firebasestorage.app\",\"apiKey\":\"AIzaSyBVRIwhZ3CXTJLdbp4ma15XMXYfhWa_iPw\",\"authDomain\":\"ivan-affriandi.firebaseapp.com\",\"messagingSenderId\":\"19364784137\",\"projectNumber\":\"19364784137\",\"version\":\"2\"},\"_authTokenSyncURL\":\"/__session\"}","FIREBASE_CONFIG":"{\"projectId\":\"ivan-affriandi\",\"databaseURL\":\"https://ivan-affriandi-default-rtdb.asia-southeast1.firebasedatabase.app\",\"storageBucket\":\"ivan-affriandi.firebasestorage.app\"}","GCLOUD_PROJECT":"ivan-affriandi","EVENTARC_CLOUD_EVENT_SOURCE":"projects/ivan-affriandi/locations/us-central1/services/ssrivanaffriandi","FUNCTION_TARGET":"ssrivanaffriandi","LOG_EXECUTION_ID":"true"},"maxInstanceCount":20,"ingressSettings":"ALLOW_ALL","uri":"https://ssrivanaffriandi-a5rqcmwfyq-uc.a.run.app","serviceAccountEmail":"19364784137-compute@developer.gserviceaccount.com","availableMemory":"256Mi","allTrafficOnLatestRevision":true,"revision":"ssrivanaffriandi-00024-vec","maxInstanceRequestConcurrency":80,"availableCpu":"1"},"state":"ACTIVE","updateTime":"2026-05-19T04:08:08.213068135Z","labels":{"firebase-functions-codebase":"firebase-frameworks-ivan-affriandi","firebase-functions-hash":"988680ac23cbe4bca9855058ce8532b88ec5c95a","deployment-tool":"cli-firebase"},"environment":"GEN_2","url":"https://us-central1-ivan-affriandi.cloudfunctions.net/ssrivanaffriandi","createTime":"2026-05-18T01:04:54.022017759Z","satisfiesPzi":true}]}
[info] i  functions: ensuring required API run.googleapis.com is enabled... 
[info] i  functions: ensuring required API eventarc.googleapis.com is enabled... 
[info] i  functions: ensuring required API pubsub.googleapis.com is enabled... 
[info] i  functions: ensuring required API storage.googleapis.com is enabled... 
[info] i  functions: generating the service identity for pubsub.googleapis.com... 
[debug] [2026-05-19T04:18:11.553Z] Checked if tokens are valid: true, expires at: 1779167523066
[debug] [2026-05-19T04:18:11.553Z] Checked if tokens are valid: true, expires at: 1779167523066
[info] i  functions: generating the service identity for eventarc.googleapis.com... 
[debug] [2026-05-19T04:18:11.554Z] Checked if tokens are valid: true, expires at: 1779167523066
[debug] [2026-05-19T04:18:11.554Z] Checked if tokens are valid: true, expires at: 1779167523066
[debug] [2026-05-19T04:18:11.554Z] >>> [apiv2][query] POST https://serviceusage.googleapis.com/v1beta1/projects/19364784137/services/pubsub.googleapis.com:generateServiceIdentity [none]
[debug] [2026-05-19T04:18:11.554Z] >>> [apiv2][(partial)header] POST https://serviceusage.googleapis.com/v1beta1/projects/19364784137/services/pubsub.googleapis.com:generateServiceIdentity  x-goog-user-project=19364784137
[debug] [2026-05-19T04:18:11.554Z] >>> [apiv2][body] POST https://serviceusage.googleapis.com/v1beta1/projects/19364784137/services/pubsub.googleapis.com:generateServiceIdentity {}
[debug] [2026-05-19T04:18:11.556Z] >>> [apiv2][query] POST https://serviceusage.googleapis.com/v1beta1/projects/19364784137/services/eventarc.googleapis.com:generateServiceIdentity [none]
[debug] [2026-05-19T04:18:11.557Z] >>> [apiv2][(partial)header] POST https://serviceusage.googleapis.com/v1beta1/projects/19364784137/services/eventarc.googleapis.com:generateServiceIdentity  x-goog-user-project=19364784137
[debug] [2026-05-19T04:18:11.557Z] >>> [apiv2][body] POST https://serviceusage.googleapis.com/v1beta1/projects/19364784137/services/eventarc.googleapis.com:generateServiceIdentity {}
[debug] [2026-05-19T04:18:12.980Z] <<< [apiv2][status] POST https://serviceusage.googleapis.com/v1beta1/projects/19364784137/services/pubsub.googleapis.com:generateServiceIdentity 200
[debug] [2026-05-19T04:18:12.980Z] <<< [apiv2][body] POST https://serviceusage.googleapis.com/v1beta1/projects/19364784137/services/pubsub.googleapis.com:generateServiceIdentity {"name":"operations/finished.DONE_OPERATION","done":true,"response":{"@type":"type.googleapis.com/google.api.serviceusage.v1beta1.ServiceIdentity","email":"service-19364784137@gcp-sa-pubsub.iam.gserviceaccount.com","uniqueId":"100503419669617928787"}}
[debug] [2026-05-19T04:18:13.019Z] <<< [apiv2][status] POST https://serviceusage.googleapis.com/v1beta1/projects/19364784137/services/eventarc.googleapis.com:generateServiceIdentity 200
[debug] [2026-05-19T04:18:13.019Z] <<< [apiv2][body] POST https://serviceusage.googleapis.com/v1beta1/projects/19364784137/services/eventarc.googleapis.com:generateServiceIdentity {"name":"operations/finished.DONE_OPERATION","done":true,"response":{"@type":"type.googleapis.com/google.api.serviceusage.v1beta1.ServiceIdentity","email":"service-19364784137@gcp-sa-eventarc.iam.gserviceaccount.com","uniqueId":"112575151305593998722"}}
[debug] [2026-05-19T04:18:13.022Z] Checked if tokens are valid: true, expires at: 1779167523066
[debug] [2026-05-19T04:18:13.022Z] Checked if tokens are valid: true, expires at: 1779167523066
[debug] [2026-05-19T04:18:13.022Z] >>> [apiv2][query] GET https://cloudresourcemanager.googleapis.com/v1/projects/ivan-affriandi [none]
[debug] [2026-05-19T04:18:13.394Z] <<< [apiv2][status] GET https://cloudresourcemanager.googleapis.com/v1/projects/ivan-affriandi 200
[debug] [2026-05-19T04:18:13.394Z] <<< [apiv2][body] GET https://cloudresourcemanager.googleapis.com/v1/projects/ivan-affriandi {"projectNumber":"19364784137","projectId":"ivan-affriandi","lifecycleState":"ACTIVE","name":"Ivan Affriandi","labels":{"firebase":"enabled","firebase-core":"disabled"},"createTime":"2026-04-18T11:35:43.556Z"}
[debug] [2026-05-19T04:18:13.394Z] Checked if tokens are valid: true, expires at: 1779167523066
[debug] [2026-05-19T04:18:13.394Z] Checked if tokens are valid: true, expires at: 1779167523066
[debug] [2026-05-19T04:18:13.394Z] >>> [apiv2][query] GET https://compute.googleapis.com/compute/v1/projects/19364784137 [none]
[debug] [2026-05-19T04:18:13.757Z] <<< [apiv2][status] GET https://compute.googleapis.com/compute/v1/projects/19364784137 403
[debug] [2026-05-19T04:18:13.757Z] <<< [apiv2][body] GET https://compute.googleapis.com/compute/v1/projects/19364784137 {"error":{"code":403,"message":"Compute Engine API has not been used in project 19364784137 before or it is disabled. Enable it by visiting https://console.developers.google.com/apis/api/compute.googleapis.com/overview?project=19364784137 then retry. If you enabled this API recently, wait a few minutes for the action to propagate to our systems and retry.","errors":[{"message":"Compute Engine API has not been used in project 19364784137 before or it is disabled. Enable it by visiting https://console.developers.google.com/apis/api/compute.googleapis.com/overview?project=19364784137 then retry. If you enabled this API recently, wait a few minutes for the action to propagate to our systems and retry.","domain":"usageLimits","reason":"accessNotConfigured","extendedHelp":"https://console.developers.google.com"}],"status":"PERMISSION_DENIED","details":[{"@type":"type.googleapis.com/google.rpc.ErrorInfo","reason":"SERVICE_DISABLED","domain":"googleapis.com","metadata":{"activationUrl":"https://console.developers.google.com/apis/api/compute.googleapis.com/overview?project=19364784137","service":"compute.googleapis.com","serviceTitle":"Compute Engine API","containerInfo":"19364784137","consumer":"projects/19364784137"}},{"@type":"type.googleapis.com/google.rpc.LocalizedMessage","locale":"en-US","message":"Compute Engine API has not been used in project 19364784137 before or it is disabled. Enable it by visiting https://console.developers.google.com/apis/api/compute.googleapis.com/overview?project=19364784137 then retry. If you enabled this API recently, wait a few minutes for the action to propagate to our systems and retry."},{"@type":"type.googleapis.com/google.rpc.Help","links":[{"description":"Google developers console API activation","url":"https://console.developers.google.com/apis/api/compute.googleapis.com/overview?project=19364784137"}]}]}}
[debug] [2026-05-19T04:18:13.758Z] unable to look up default compute service account. Falling back to 19364784137-compute@developer.gserviceaccount.com. Error: {"name":"FirebaseError","children":[],"context":{"body":{"error":{"code":403,"message":"Compute Engine API has not been used in project 19364784137 before or it is disabled. Enable it by visiting https://console.developers.google.com/apis/api/compute.googleapis.com/overview?project=19364784137 then retry. If you enabled this API recently, wait a few minutes for the action to propagate to our systems and retry.","errors":[{"message":"Compute Engine API has not been used in project 19364784137 before or it is disabled. Enable it by visiting https://console.developers.google.com/apis/api/compute.googleapis.com/overview?project=19364784137 then retry. If you enabled this API recently, wait a few minutes for the action to propagate to our systems and retry.","domain":"usageLimits","reason":"accessNotConfigured","extendedHelp":"https://console.developers.google.com"}],"status":"PERMISSION_DENIED","details":[{"@type":"type.googleapis.com/google.rpc.ErrorInfo","reason":"SERVICE_DISABLED","domain":"googleapis.com","metadata":{"activationUrl":"https://console.developers.google.com/apis/api/compute.googleapis.com/overview?project=19364784137","service":"compute.googleapis.com","serviceTitle":"Compute Engine API","containerInfo":"19364784137","consumer":"projects/19364784137"}},{"@type":"type.googleapis.com/google.rpc.LocalizedMessage","locale":"en-US","message":"Compute Engine API has not been used in project 19364784137 before or it is disabled. Enable it by visiting https://console.developers.google.com/apis/api/compute.googleapis.com/overview?project=19364784137 then retry. If you enabled this API recently, wait a few minutes for the action to propagate to our systems and retry."},{"@type":"type.googleapis.com/google.rpc.Help","links":[{"description":"Google developers console API activation","url":"https://console.developers.google.com/apis/api/compute.googleapis.com/overview?project=19364784137"}]}]}},"response":{"statusCode":403}},"exit":1,"message":"Request to https://compute.googleapis.com/compute/v1/projects/19364784137 had HTTP Error: 403, Compute Engine API has not been used in project 19364784137 before or it is disabled. Enable it by visiting https://console.developers.google.com/apis/api/compute.googleapis.com/overview?project=19364784137 then retry. If you enabled this API recently, wait a few minutes for the action to propagate to our systems and retry.","status":403}
[debug] [2026-05-19T04:18:13.760Z] Checked if tokens are valid: true, expires at: 1779167523066
[debug] [2026-05-19T04:18:13.760Z] Checked if tokens are valid: true, expires at: 1779167523066
[debug] [2026-05-19T04:18:13.760Z] >>> [apiv2][query] POST https://firebasehosting.googleapis.com/v1beta1/projects/-/sites/ivan-affriandi/versions [none]
[debug] [2026-05-19T04:18:13.760Z] >>> [apiv2][body] POST https://firebasehosting.googleapis.com/v1beta1/projects/-/sites/ivan-affriandi/versions {"status":"CREATED","labels":{"deployment-tool":"cli-firebase","firebase-web-framework":"next_ssr"}}
[debug] [2026-05-19T04:18:15.233Z] <<< [apiv2][status] POST https://firebasehosting.googleapis.com/v1beta1/projects/-/sites/ivan-affriandi/versions 200
[debug] [2026-05-19T04:18:15.233Z] <<< [apiv2][body] POST https://firebasehosting.googleapis.com/v1beta1/projects/-/sites/ivan-affriandi/versions {"name":"projects/19364784137/sites/ivan-affriandi/versions/a145b3573e6e6ef6","status":"CREATED","config":{},"labels":{"deployment-tool":"cli-firebase","firebase-web-framework":"next_ssr"}}
[debug] [2026-05-19T04:18:15.235Z] Checked if tokens are valid: true, expires at: 1779167523066
[debug] [2026-05-19T04:18:15.235Z] Checked if tokens are valid: true, expires at: 1779167523066
[debug] [2026-05-19T04:18:15.235Z] >>> [apiv2][query] GET https://cloudbilling.googleapis.com/v1/projects/ivan-affriandi/billingInfo [none]
[debug] [2026-05-19T04:18:16.646Z] <<< [apiv2][status] GET https://cloudbilling.googleapis.com/v1/projects/ivan-affriandi/billingInfo 200
[debug] [2026-05-19T04:18:16.646Z] <<< [apiv2][body] GET https://cloudbilling.googleapis.com/v1/projects/ivan-affriandi/billingInfo {"name":"projects/ivan-affriandi/billingInfo","projectId":"ivan-affriandi","billingAccountName":"billingAccounts/01FCB6-7C967A-B2A155","billingEnabled":true}
[debug] [2026-05-19T04:18:16.650Z] Checked if tokens are valid: true, expires at: 1779167523066
[debug] [2026-05-19T04:18:16.650Z] Checked if tokens are valid: true, expires at: 1779167523066
[debug] [2026-05-19T04:18:16.650Z] >>> [apiv2][query] POST https://cloudfunctions.googleapis.com/v2/projects/ivan-affriandi/locations/us-central1/functions:generateUploadUrl [none]
[debug] [2026-05-19T04:18:18.092Z] <<< [apiv2][status] POST https://cloudfunctions.googleapis.com/v2/projects/ivan-affriandi/locations/us-central1/functions:generateUploadUrl 200
[debug] [2026-05-19T04:18:18.092Z] <<< [apiv2][body] POST https://cloudfunctions.googleapis.com/v2/projects/ivan-affriandi/locations/us-central1/functions:generateUploadUrl {"uploadUrl":"https://storage.googleapis.com/gcf-v2-uploads-19364784137.us-central1.cloudfunctions.appspot.com/784e458d-b0d4-4f09-ab39-9d6affec91d5.zip?GoogleAccessId=service-19364784137@gcf-admin-robot.iam.gserviceaccount.com&Expires=1779166098&Signature=DBPpoTEDhBrrc%2F6ZQr48A4zX4wmPUCEx9NVdpd43BnsxaAeONqVA51NTrODY8Y39OeImkwpOpESdhmX6n9AvhB%2Bo9%2FT60zQbYfB6uQWk1IF%2BFvPOXS%2BU3tv%2Bv3XxoYmRPAdlAytEvawO3ByeT2rCGF0opUpW58HlTcrZWkwIk3y2JhqT1g5fKkX%2FpjPTQDQLaB319z3wFu8Q6y43A3PLBpiOCgOvSfZj5BG4cublcSvBklqtFq7WWTvPluhp2mMxkSInVCSJGsmV3XB0Cq9KBvgUGFyk4sr2TmAo2cqQsabHaGosz3hyYrwjjZHHFpHMYBLC6m1eFETj5r2Hvkiyuw%3D%3D","storageSource":{"bucket":"gcf-v2-uploads-19364784137.us-central1.cloudfunctions.appspot.com","object":"784e458d-b0d4-4f09-ab39-9d6affec91d5.zip"}}
[debug] [2026-05-19T04:18:18.094Z] >>> [apiv2][query] PUT https://storage.googleapis.com/gcf-v2-uploads-19364784137.us-central1.cloudfunctions.appspot.com/784e458d-b0d4-4f09-ab39-9d6affec91d5.zip GoogleAccessId=service-19364784137%40gcf-admin-robot.iam.gserviceaccount.com&Expires=1779166098&Signature=DBPpoTEDhBrrc%2F6ZQr48A4zX4wmPUCEx9NVdpd43BnsxaAeONqVA51NTrODY8Y39OeImkwpOpESdhmX6n9AvhB%2Bo9%2FT60zQbYfB6uQWk1IF%2BFvPOXS%2BU3tv%2Bv3XxoYmRPAdlAytEvawO3ByeT2rCGF0opUpW58HlTcrZWkwIk3y2JhqT1g5fKkX%2FpjPTQDQLaB319z3wFu8Q6y43A3PLBpiOCgOvSfZj5BG4cublcSvBklqtFq7WWTvPluhp2mMxkSInVCSJGsmV3XB0Cq9KBvgUGFyk4sr2TmAo2cqQsabHaGosz3hyYrwjjZHHFpHMYBLC6m1eFETj5r2Hvkiyuw%3D%3D
[debug] [2026-05-19T04:18:18.094Z] >>> [apiv2][body] PUT https://storage.googleapis.com/gcf-v2-uploads-19364784137.us-central1.cloudfunctions.appspot.com/784e458d-b0d4-4f09-ab39-9d6affec91d5.zip [stream]
[debug] [2026-05-19T04:18:55.128Z] ----------------------------------------------------------------------
[debug] [2026-05-19T04:18:55.132Z] Command:       /Users/ivanaffriandi/.nvm/versions/node/v25.8.1/bin/node /Users/ivanaffriandi/.nvm/versions/node/v25.8.1/bin/firebase deploy
[debug] [2026-05-19T04:18:55.132Z] CLI Version:   15.14.0
[debug] [2026-05-19T04:18:55.132Z] Platform:      darwin
[debug] [2026-05-19T04:18:55.132Z] Node Version:  v25.8.1
[debug] [2026-05-19T04:18:55.133Z] Time:          Tue May 19 2026 11:18:55 GMT+0700 (Western Indonesia Time)
[debug] [2026-05-19T04:18:55.133Z] ----------------------------------------------------------------------
[debug] 
[debug] [2026-05-19T04:18:58.628Z] > command requires scopes: ["email","openid","https://www.googleapis.com/auth/cloudplatformprojects.readonly","https://www.googleapis.com/auth/firebase","https://www.googleapis.com/auth/cloud-platform"]
[debug] [2026-05-19T04:18:58.629Z] > authorizing via signed-in user (ivanaffriandi@kakao.com)
[debug] [2026-05-19T04:18:58.630Z] [iam] checking project ivan-affriandi for permissions ["firebase.projects.get","firebasehosting.sites.update"]
[debug] [2026-05-19T04:18:58.632Z] Checked if tokens are valid: true, expires at: 1779167523066
[debug] [2026-05-19T04:18:58.632Z] Checked if tokens are valid: true, expires at: 1779167523066
[debug] [2026-05-19T04:18:58.634Z] >>> [apiv2][query] POST https://cloudresourcemanager.googleapis.com/v1/projects/ivan-affriandi:testIamPermissions [none]
[debug] [2026-05-19T04:18:58.635Z] >>> [apiv2][(partial)header] POST https://cloudresourcemanager.googleapis.com/v1/projects/ivan-affriandi:testIamPermissions  x-goog-user-project=ivan-affriandi
[debug] [2026-05-19T04:18:58.635Z] >>> [apiv2][body] POST https://cloudresourcemanager.googleapis.com/v1/projects/ivan-affriandi:testIamPermissions {"permissions":["firebase.projects.get","firebasehosting.sites.update"]}
[debug] [2026-05-19T04:18:57.332Z] ----------------------------------------------------------------------
[debug] [2026-05-19T04:18:57.337Z] Command:       /Users/ivanaffriandi/.nvm/versions/node/v25.8.1/bin/node /Users/ivanaffriandi/.nvm/versions/node/v25.8.1/bin/firebase deploy
[debug] [2026-05-19T04:18:57.338Z] CLI Version:   15.14.0
[debug] [2026-05-19T04:18:57.338Z] Platform:      darwin
[debug] [2026-05-19T04:18:57.338Z] Node Version:  v25.8.1
[debug] [2026-05-19T04:18:57.339Z] Time:          Tue May 19 2026 11:18:57 GMT+0700 (Western Indonesia Time)
[debug] [2026-05-19T04:18:57.339Z] ----------------------------------------------------------------------
[debug] 
[debug] [2026-05-19T04:18:59.441Z] > command requires scopes: ["email","openid","https://www.googleapis.com/auth/cloudplatformprojects.readonly","https://www.googleapis.com/auth/firebase","https://www.googleapis.com/auth/cloud-platform"]
[debug] [2026-05-19T04:18:59.442Z] > authorizing via signed-in user (ivanaffriandi@kakao.com)
[debug] [2026-05-19T04:18:59.442Z] [iam] checking project ivan-affriandi for permissions ["firebase.projects.get","firebasehosting.sites.update"]
[debug] [2026-05-19T04:18:59.443Z] Checked if tokens are valid: true, expires at: 1779167523066
[debug] [2026-05-19T04:18:59.443Z] Checked if tokens are valid: true, expires at: 1779167523066
[debug] [2026-05-19T04:18:59.444Z] >>> [apiv2][query] POST https://cloudresourcemanager.googleapis.com/v1/projects/ivan-affriandi:testIamPermissions [none]
[debug] [2026-05-19T04:18:59.444Z] >>> [apiv2][(partial)header] POST https://cloudresourcemanager.googleapis.com/v1/projects/ivan-affriandi:testIamPermissions  x-goog-user-project=ivan-affriandi
[debug] [2026-05-19T04:18:59.444Z] >>> [apiv2][body] POST https://cloudresourcemanager.googleapis.com/v1/projects/ivan-affriandi:testIamPermissions {"permissions":["firebase.projects.get","firebasehosting.sites.update"]}
[debug] [2026-05-19T04:18:59.748Z] <<< [apiv2][status] POST https://cloudresourcemanager.googleapis.com/v1/projects/ivan-affriandi:testIamPermissions 200
[debug] [2026-05-19T04:18:59.748Z] <<< [apiv2][body] POST https://cloudresourcemanager.googleapis.com/v1/projects/ivan-affriandi:testIamPermissions {"permissions":["firebase.projects.get","firebasehosting.sites.update"]}
[debug] [2026-05-19T04:18:59.748Z] Checked if tokens are valid: true, expires at: 1779167523066
[debug] [2026-05-19T04:18:59.749Z] Checked if tokens are valid: true, expires at: 1779167523066
[debug] [2026-05-19T04:18:59.749Z] >>> [apiv2][query] GET https://firebase.googleapis.com/v1beta1/projects/ivan-affriandi [none]
[debug] [2026-05-19T04:18:59.847Z] <<< [apiv2][status] POST https://cloudresourcemanager.googleapis.com/v1/projects/ivan-affriandi:testIamPermissions 200
[debug] [2026-05-19T04:18:59.847Z] <<< [apiv2][body] POST https://cloudresourcemanager.googleapis.com/v1/projects/ivan-affriandi:testIamPermissions {"permissions":["firebase.projects.get","firebasehosting.sites.update"]}
[debug] [2026-05-19T04:18:59.848Z] Checked if tokens are valid: true, expires at: 1779167523066
[debug] [2026-05-19T04:18:59.849Z] Checked if tokens are valid: true, expires at: 1779167523066
[debug] [2026-05-19T04:18:59.853Z] >>> [apiv2][query] GET https://firebase.googleapis.com/v1beta1/projects/ivan-affriandi [none]
[debug] [2026-05-19T04:19:00.187Z] <<< [apiv2][status] GET https://firebase.googleapis.com/v1beta1/projects/ivan-affriandi 200
[debug] [2026-05-19T04:19:00.203Z] <<< [apiv2][status] GET https://firebase.googleapis.com/v1beta1/projects/ivan-affriandi 200
[debug] [2026-05-19T04:19:00.204Z] <<< [apiv2][body] GET https://firebase.googleapis.com/v1beta1/projects/ivan-affriandi {"projectId":"ivan-affriandi","projectNumber":"19364784137","displayName":"Ivan Affriandi","name":"projects/ivan-affriandi","resources":{"hostingSite":"ivan-affriandi","realtimeDatabaseInstance":"ivan-affriandi-default-rtdb"},"state":"ACTIVE","etag":"1_ac78a799-a332-48fc-b624-0fb166d151e0"}
[debug] [2026-05-19T04:19:03.831Z] Checked if tokens are valid: true, expires at: 1779167523066
[debug] [2026-05-19T04:19:03.831Z] Checked if tokens are valid: true, expires at: 1779167523066
[debug] [2026-05-19T04:19:03.831Z] >>> [apiv2][query] GET https://firebasehosting.googleapis.com/v1beta1/projects/ivan-affriandi/sites pageToken=&pageSize=10
[debug] [2026-05-19T04:19:00.187Z] <<< [apiv2][body] GET https://firebase.googleapis.com/v1beta1/projects/ivan-affriandi {"projectId":"ivan-affriandi","projectNumber":"19364784137","displayName":"Ivan Affriandi","name":"projects/ivan-affriandi","resources":{"hostingSite":"ivan-affriandi","realtimeDatabaseInstance":"ivan-affriandi-default-rtdb"},"state":"ACTIVE","etag":"1_ac78a799-a332-48fc-b624-0fb166d151e0"}
[debug] [2026-05-19T04:19:03.837Z] Checked if tokens are valid: true, expires at: 1779167523066
[debug] [2026-05-19T04:19:03.837Z] Checked if tokens are valid: true, expires at: 1779167523066
[debug] [2026-05-19T04:19:03.838Z] >>> [apiv2][query] GET https://firebasehosting.googleapis.com/v1beta1/projects/ivan-affriandi/sites pageToken=&pageSize=10
[debug] [2026-05-19T04:19:05.008Z] <<< [apiv2][status] GET https://firebasehosting.googleapis.com/v1beta1/projects/ivan-affriandi/sites 200
[debug] [2026-05-19T04:19:05.008Z] <<< [apiv2][body] GET https://firebasehosting.googleapis.com/v1beta1/projects/ivan-affriandi/sites {"sites":[{"name":"projects/ivan-affriandi/sites/ivan-affriandi","defaultUrl":"https://ivan-affriandi.web.app","type":"DEFAULT_SITE"}]}
[debug] [2026-05-19T04:19:05.009Z] Checked if tokens are valid: true, expires at: 1779167523066
[debug] [2026-05-19T04:19:05.009Z] Checked if tokens are valid: true, expires at: 1779167523066
[debug] [2026-05-19T04:19:05.009Z] >>> [apiv2][query] GET https://firebasehosting.googleapis.com/v1beta1/projects/ivan-affriandi/sites 
[debug] [2026-05-19T04:19:05.030Z] <<< [apiv2][status] GET https://firebasehosting.googleapis.com/v1beta1/projects/ivan-affriandi/sites 200
[debug] [2026-05-19T04:19:05.030Z] <<< [apiv2][body] GET https://firebasehosting.googleapis.com/v1beta1/projects/ivan-affriandi/sites {"sites":[{"name":"projects/ivan-affriandi/sites/ivan-affriandi","defaultUrl":"https://ivan-affriandi.web.app","type":"DEFAULT_SITE"}]}
[debug] [2026-05-19T04:19:05.031Z] Checked if tokens are valid: true, expires at: 1779167523066
[debug] [2026-05-19T04:19:05.031Z] Checked if tokens are valid: true, expires at: 1779167523066
[debug] [2026-05-19T04:19:05.031Z] >>> [apiv2][query] GET https://firebasehosting.googleapis.com/v1beta1/projects/ivan-affriandi/sites 
[debug] [2026-05-19T04:19:05.634Z] <<< [apiv2][status] GET https://firebasehosting.googleapis.com/v1beta1/projects/ivan-affriandi/sites 200
[debug] [2026-05-19T04:19:05.634Z] <<< [apiv2][body] GET https://firebasehosting.googleapis.com/v1beta1/projects/ivan-affriandi/sites {"sites":[{"name":"projects/ivan-affriandi/sites/ivan-affriandi","defaultUrl":"https://ivan-affriandi.web.app","type":"DEFAULT_SITE"}]}
[debug] [2026-05-19T04:19:05.634Z] Checked if tokens are valid: true, expires at: 1779167523066
[debug] [2026-05-19T04:19:05.634Z] Checked if tokens are valid: true, expires at: 1779167523066
[debug] [2026-05-19T04:19:05.634Z] >>> [apiv2][query] GET https://firebase.googleapis.com/v1beta1/projects/ivan-affriandi/webApps/-/config [none]
[debug] [2026-05-19T04:19:05.931Z] <<< [apiv2][status] GET https://firebasehosting.googleapis.com/v1beta1/projects/ivan-affriandi/sites 200
[debug] [2026-05-19T04:19:05.931Z] <<< [apiv2][body] GET https://firebasehosting.googleapis.com/v1beta1/projects/ivan-affriandi/sites {"sites":[{"name":"projects/ivan-affriandi/sites/ivan-affriandi","defaultUrl":"https://ivan-affriandi.web.app","type":"DEFAULT_SITE"}]}
[debug] [2026-05-19T04:19:05.932Z] Checked if tokens are valid: true, expires at: 1779167523066
[debug] [2026-05-19T04:19:05.932Z] Checked if tokens are valid: true, expires at: 1779167523066
[debug] [2026-05-19T04:19:05.932Z] >>> [apiv2][query] GET https://firebase.googleapis.com/v1beta1/projects/ivan-affriandi/webApps/-/config [none]
[debug] [2026-05-19T04:19:06.599Z] <<< [apiv2][status] GET https://firebase.googleapis.com/v1beta1/projects/ivan-affriandi/webApps/-/config 200
[debug] [2026-05-19T04:19:06.599Z] <<< [apiv2][body] GET https://firebase.googleapis.com/v1beta1/projects/ivan-affriandi/webApps/-/config {"projectId":"ivan-affriandi","databaseURL":"https://ivan-affriandi-default-rtdb.asia-southeast1.firebasedatabase.app","storageBucket":"ivan-affriandi.firebasestorage.app","apiKey":"AIzaSyBVRIwhZ3CXTJLdbp4ma15XMXYfhWa_iPw","authDomain":"ivan-affriandi.firebaseapp.com","messagingSenderId":"19364784137","projectNumber":"19364784137","version":"2"}
[debug] [2026-05-19T04:19:06.801Z] <<< [apiv2][status] GET https://firebase.googleapis.com/v1beta1/projects/ivan-affriandi/webApps/-/config 200
[debug] [2026-05-19T04:19:06.801Z] <<< [apiv2][body] GET https://firebase.googleapis.com/v1beta1/projects/ivan-affriandi/webApps/-/config {"projectId":"ivan-affriandi","databaseURL":"https://ivan-affriandi-default-rtdb.asia-southeast1.firebasedatabase.app","storageBucket":"ivan-affriandi.firebasestorage.app","apiKey":"AIzaSyBVRIwhZ3CXTJLdbp4ma15XMXYfhWa_iPw","authDomain":"ivan-affriandi.firebaseapp.com","messagingSenderId":"19364784137","projectNumber":"19364784137","version":"2"}
[info] 
   Thank you for trying our early preview of Next.js support on Firebase Hosting.
   During the preview, support is best-effort and breaking changes can be expected. Proceed with caution.
   The integration is known to work with Next.js version 12 - 15.0. You may encounter errors.

   Documentation: https://firebase.google.com/docs/hosting/frameworks/nextjs
   File a bug: https://github.com/firebase/firebase-tools/issues/new?template=bug_report.md
   Submit a feature request: https://github.com/firebase/firebase-tools/issues/new?template=feature_request.md

   We'd love to learn from you. Express your interest in helping us shape the future of Firebase Hosting: https://goo.gle/41enW5X

[info] 
   Thank you for trying our early preview of Next.js support on Firebase Hosting.
   During the preview, support is best-effort and breaking changes can be expected. Proceed with caution.
   The integration is known to work with Next.js version 12 - 15.0. You may encounter errors.

   Documentation: https://firebase.google.com/docs/hosting/frameworks/nextjs
   File a bug: https://github.com/firebase/firebase-tools/issues/new?template=bug_report.md
   Submit a feature request: https://github.com/firebase/firebase-tools/issues/new?template=feature_request.md

   We'd love to learn from you. Express your interest in helping us shape the future of Firebase Hosting: https://goo.gle/41enW5X

[debug] [2026-05-19T04:19:17.889Z] Checked if tokens are valid: true, expires at: 1779167523066
[debug] [2026-05-19T04:19:17.890Z] Checked if tokens are valid: true, expires at: 1779167523066
[debug] [2026-05-19T04:19:17.890Z] >>> [apiv2][query] GET https://firebasehosting.googleapis.com/v1beta1/projects/ivan-affriandi/sites/ivan-affriandi [none]
[debug] [2026-05-19T04:19:17.909Z] Checked if tokens are valid: true, expires at: 1779167523066
[debug] [2026-05-19T04:19:17.909Z] Checked if tokens are valid: true, expires at: 1779167523066
[debug] [2026-05-19T04:19:17.909Z] >>> [apiv2][query] GET https://firebasehosting.googleapis.com/v1beta1/projects/ivan-affriandi/sites/ivan-affriandi [none]
[debug] [2026-05-19T04:19:18.715Z] <<< [apiv2][status] GET https://firebasehosting.googleapis.com/v1beta1/projects/ivan-affriandi/sites/ivan-affriandi 200
[debug] [2026-05-19T04:19:18.715Z] <<< [apiv2][body] GET https://firebasehosting.googleapis.com/v1beta1/projects/ivan-affriandi/sites/ivan-affriandi {"name":"projects/ivan-affriandi/sites/ivan-affriandi","defaultUrl":"https://ivan-affriandi.web.app","type":"DEFAULT_SITE"}
[debug] [2026-05-19T04:19:18.817Z] <<< [apiv2][status] GET https://firebasehosting.googleapis.com/v1beta1/projects/ivan-affriandi/sites/ivan-affriandi 200
[debug] [2026-05-19T04:19:18.817Z] <<< [apiv2][body] GET https://firebasehosting.googleapis.com/v1beta1/projects/ivan-affriandi/sites/ivan-affriandi {"name":"projects/ivan-affriandi/sites/ivan-affriandi","defaultUrl":"https://ivan-affriandi.web.app","type":"DEFAULT_SITE"}
[info] ▲ Next.js 16.2.6 (Turbopack)

[info] - Environments: .env

[info] - Experiments (use with caution):

[info]   · serverActions

[info] 

[info]   Creating an optimized production build ...

[info] ⨯ Another next build process is already running.

[info] 
  This could be:
  - A next build still in progress
  - A previous build that didn't exit cleanly


[info]   Suggestion: Wait for the build to complete.

[debug] [2026-05-19T04:19:24.933Z] Error: ENOENT: no such file or directory, open '/Users/ivanaffriandi/Ivan Affriandi/.next/server/middleware-manifest.json'
[error] 
[error] Error: An unexpected error has occurred.
[info] ✓ Compiled successfully in 15.0s

[info]   Running TypeScript ...

[info]   Finished TypeScript in 8.2s ...

[info]   Collecting page data using 3 workers ...

[info]   Generating static pages using 3 workers (0/12) ...

[info] ⚠ metadataBase property in metadata export is not set for resolving social open graph or twitter images, using "http://localhost:3000". See https://nextjs.org/docs/app/api-reference/functions/generate-metadata#metadatabase

[info]   Generating static pages using 3 workers (3/12) 

[info]   Generating static pages using 3 workers (6/12) 

[info]   Generating static pages using 3 workers (9/12) 

[info] ✓ Generating static pages using 3 workers (12/12) in 1543ms

[info]   Finalizing page optimization ...

[info] 
Route (app)
┌ ƒ /
├ ○ /_not-found
├ ○ /about
├ ○ /admin
├ ƒ /api/instagram
├ ƒ /api/twitter
├ ○ /ask
├ ○ /ask/opengraph-image
├ ƒ /blog/[id]
├ ○ /gallery
├ ○ /moments
└ ○ /opengraph-image


○  (Static)   prerendered as static content
ƒ  (Dynamic)  server-rendered on demand


[info] Building a Cloud Function to run this application. This is needed due to:
[info]  • non-static component /api/instagram/route
[info]  • non-static component /api/twitter/route
[info]  • non-static component /blog/[id]/page
[info]  • non-static component /page
[info] 
[debug] [2026-05-19T04:20:00.959Z] Checked if tokens are valid: true, expires at: 1779167523066
[debug] [2026-05-19T04:20:00.960Z] Checked if tokens are valid: true, expires at: 1779167523066
[debug] [2026-05-19T04:20:00.960Z] >>> [apiv2][query] GET https://firebasehosting.googleapis.com/v1beta1/projects/ivan-affriandi/sites/ivan-affriandi [none]
[debug] [2026-05-19T04:20:01.861Z] <<< [apiv2][status] GET https://firebasehosting.googleapis.com/v1beta1/projects/ivan-affriandi/sites/ivan-affriandi 200
[debug] [2026-05-19T04:20:01.861Z] <<< [apiv2][body] GET https://firebasehosting.googleapis.com/v1beta1/projects/ivan-affriandi/sites/ivan-affriandi {"name":"projects/ivan-affriandi/sites/ivan-affriandi","defaultUrl":"https://ivan-affriandi.web.app","type":"DEFAULT_SITE"}
